Archive member included to satisfy reference by file (symbol)

C:/devkitPro/libctru/lib\libcitro2d.a(base.o)
                              main.o (C2D_Init)
C:/devkitPro/libctru/lib\libcitro2d.a(spritesheet.o)
                              main.o (C2D_SpriteSheetLoad)
C:/devkitPro/libctru/lib\libcitro2d.a(render2d.shbin.o)
                              C:/devkitPro/libctru/lib\libcitro2d.a(base.o) (render2d_shbin)
C:/devkitPro/libctru/lib\libcitro3d.a(attribs.o)
                              C:/devkitPro/libctru/lib\libcitro2d.a(base.o) (AttrInfo_Init)
C:/devkitPro/libctru/lib\libcitro3d.a(base.o)
                              C:/devkitPro/libctru/lib\libcitro3d.a(attribs.o) (__C3D_Context)
C:/devkitPro/libctru/lib\libcitro3d.a(buffers.o)
                              C:/devkitPro/libctru/lib\libcitro2d.a(base.o) (BufInfo_Init)
C:/devkitPro/libctru/lib\libcitro3d.a(drawElements.o)
                              C:/devkitPro/libctru/lib\libcitro2d.a(base.o) (C3D_DrawElements)
C:/devkitPro/libctru/lib\libcitro3d.a(effect.o)
                              C:/devkitPro/libctru/lib\libcitro3d.a(base.o) (C3D_DepthMap)
C:/devkitPro/libctru/lib\libcitro3d.a(framebuffer.o)
                              C:/devkitPro/libctru/lib\libcitro3d.a(base.o) (C3Di_FrameBufBind)
C:/devkitPro/libctru/lib\libcitro3d.a(immediate.o)
                              C:/devkitPro/libctru/lib\libcitro3d.a(base.o) (C3D_ImmSendAttrib)
C:/devkitPro/libctru/lib\libcitro3d.a(proctex.o)
                              C:/devkitPro/libctru/lib\libcitro2d.a(base.o) (C3D_ProcTexInit)
C:/devkitPro/libctru/lib\libcitro3d.a(renderqueue.o)
                              C:/devkitPro/libctru/lib\libcitro3d.a(base.o) (C3Di_RenderQueueEnableVBlank)
C:/devkitPro/libctru/lib\libcitro3d.a(tex3ds.o)
                              C:/devkitPro/libctru/lib\libcitro2d.a(spritesheet.o) (Tex3DS_TextureImport)
C:/devkitPro/libctru/lib\libcitro3d.a(texenv.o)
                              C:/devkitPro/libctru/lib\libcitro2d.a(base.o) (C3D_GetTexEnv)
C:/devkitPro/libctru/lib\libcitro3d.a(texture.o)
                              C:/devkitPro/libctru/lib\libcitro3d.a(tex3ds.o) (C3D_TexInitWithParams)
C:/devkitPro/libctru/lib\libcitro3d.a(uniforms.o)
                              C:/devkitPro/libctru/lib\libcitro3d.a(base.o) (C3D_UpdateUniforms)
C:/devkitPro/libctru/lib\libcitro3d.a(mtx_multiply.o)
                              C:/devkitPro/libctru/lib\libcitro2d.a(base.o) (Mtx_Multiply)
C:/devkitPro/libctru/lib\libcitro3d.a(mtx_ortho.o)
                              C:/devkitPro/libctru/lib\libcitro2d.a(base.o) (Mtx_Ortho)
C:/devkitPro/libctru/lib\libcitro3d.a(mtx_orthotilt.o)
                              C:/devkitPro/libctru/lib\libcitro2d.a(base.o) (Mtx_OrthoTilt)
C:/devkitPro/libctru/lib\libcitro3d.a(mtx_rotatez.o)
                              C:/devkitPro/libctru/lib\libcitro2d.a(base.o) (Mtx_RotateZ)
C:/devkitPro/libctru/lib\libcitro3d.a(mtx_scale.o)
                              C:/devkitPro/libctru/lib\libcitro2d.a(base.o) (Mtx_Scale)
C:/devkitPro/libctru/lib\libcitro3d.a(mtx_translate.o)
                              C:/devkitPro/libctru/lib\libcitro2d.a(base.o) (Mtx_Translate)
C:/devkitPro/libctru/lib\libctru.a(linear.o)
                              C:/devkitPro/libctru/lib\libcitro2d.a(base.o) (linearAlloc)
C:/devkitPro/libctru/lib\libctru.a(mem_pool.o)
                              C:/devkitPro/libctru/lib\libctru.a(linear.o) (MemPool::Allocate(MemChunk&, unsigned long, int))
C:/devkitPro/libctru/lib\libctru.a(vram.o)
                              C:/devkitPro/libctru/lib\libcitro3d.a(renderqueue.o) (vramAlloc)
C:/devkitPro/libctru/lib\libctru.a(console.o)
                              main.o (consoleInit)
C:/devkitPro/libctru/lib\libctru.a(gfx.o)
                              C:/devkitPro/libctru/lib\libcitro2d.a(base.o) (gfxIsWide)
C:/devkitPro/libctru/lib\libctru.a(os.o)
                              C:/devkitPro/libctru/lib\libcitro3d.a(buffers.o) (osConvertVirtToPhys)
C:/devkitPro/libctru/lib\libctru.a(romfs_dev.o)
                              main.o (romfsMountSelf)
C:/devkitPro/libctru/lib\libctru.a(gpu.o)
                              C:/devkitPro/libctru/lib\libcitro3d.a(base.o) (gpuCmdBufOffset)
C:/devkitPro/libctru/lib\libctru.a(gx.o)
                              C:/devkitPro/libctru/lib\libcitro3d.a(renderqueue.o) (GX_BindQueue)
C:/devkitPro/libctru/lib\libctru.a(gxqueue.o)
                              C:/devkitPro/libctru/lib\libcitro3d.a(renderqueue.o) (gxCmdQueueClear)
C:/devkitPro/libctru/lib\libctru.a(shaderProgram.o)
                              C:/devkitPro/libctru/lib\libcitro2d.a(base.o) (shaderInstanceGetUniformLocation)
C:/devkitPro/libctru/lib\libctru.a(shbin.o)
                              C:/devkitPro/libctru/lib\libcitro2d.a(base.o) (DVLB_ParseFile)
C:/devkitPro/libctru/lib\libctru.a(apt.o)
[...]
Memory Configuration

Name             Origin             Length             Attributes
*default*        0x00000000         0xffffffff

Linker script and memory map

                0x00000000                        __sync_synchronize = __sync_synchronize_dmb
                0x00100000                        PROVIDE (__start__ = 0x100000)
                0x00100000                        . = __start__

.text           0x00100000    0x177c0
 *(.crt0)
 .crt0          0x00100000       0x94 C:/devkitPro/devkitARM/bin/../lib/gcc/arm-none-eabi/14.1.0/../../../../arm-none-eabi/lib/armv6k/fpu/3dsx_crt0.o
                0x00100000                _start
                0x00100008                __service_ptr
                0x0010000c                __apt_appid
                0x00100010                __heap_size
                0x00100014                __linear_heap_size
                0x00100018                __system_arglist
                0x0010001c                __system_runflags
 *(.init)
 .init          0x00100094        0xc C:/devkitPro/devkitARM/bin/../lib/gcc/arm-none-eabi/14.1.0/armv6k/fpu/crti.o
                0x00100094                _init
 .init          0x001000a0        0xc C:/devkitPro/devkitARM/bin/../lib/gcc/arm-none-eabi/14.1.0/armv6k/fpu/crtn.o
                0x001000ac                        . = ALIGN (0x4)
 *(.text)
 .text          0x001000ac      0x20c C:/devkitPro/devkitARM/bin/../lib/gcc/arm-none-eabi/14.1.0/armv6k/fpu\libgcc.a(_udivsi3.o)
                0x001000ac                __aeabi_uidiv
                0x001000ac                __udivsi3
                0x00100298                __aeabi_uidivmod
 .text          0x001002b8      0x240 C:/devkitPro/devkitARM/bin/../lib/gcc/arm-none-eabi/14.1.0/armv6k/fpu\libgcc.a(_divsi3.o)
                0x001002b8                __divsi3
                0x001002b8                __aeabi_idiv
                0x001004d8                __aeabi_idivmod
 .text          0x001004f8        0x4 C:/devkitPro/devkitARM/bin/../lib/gcc/arm-none-eabi/14.1.0/armv6k/fpu\libgcc.a(_dvmd_tls.o)
                0x001004f8                __aeabi_idiv0
                0x001004f8                __aeabi_ldiv0
 .text          0x001004fc      0x3c0 C:/devkitPro/devkitARM/bin/../lib/gcc/arm-none-eabi/14.1.0/armv6k/fpu\libgcc.a(_arm_addsubdf3.o)
                0x001004fc                __aeabi_drsub
                0x00100504                __aeabi_dsub
                0x00100504                __subdf3
                0x00100508                __aeabi_dadd
                0x00100508                __adddf3
                0x001007b4                __floatunsidf
                0x001007b4                __aeabi_ui2d
                0x001007d8                __floatsidf
                0x001007d8                __aeabi_i2d
                0x00100800                __aeabi_f2d
                0x00100800                __extendsfdf2
                0x00100848                __floatundidf
                0x00100848                __aeabi_ul2d
                0x0010085c                __floatdidf
                0x0010085c                __aeabi_l2d
 .text          0x001008bc       0xd4 C:/devkitPro/devkitARM/bin/../lib/gcc/arm-none-eabi/14.1.0/armv6k/fpu\libgcc.a(_aeabi_ldivmod.o)
                0x001008bc                __aeabi_ldivmod
 *fill*         0x00100990       0x10 
 .text          0x001009a0      0x390 C:/devkitPro/devkitARM/bin/../lib/gcc/arm-none-eabi/14.1.0/../../../../arm-none-eabi/lib/armv6k/fpu\libg.a(libc_a-strcmp.o)
                0x001009a8                strcmp
 *(.text.*)
 .text.__do_global_dtors_aux
                0x00100d30       0x40 C:/devkitPro/devkitARM/bin/../lib/gcc/arm-none-eabi/14.1.0/armv6k/fpu/crtbegin.o
 .text.frame_dummy
                0x00100d70       0x2c C:/devkitPro/devkitARM/bin/../lib/gcc/arm-none-eabi/14.1.0/armv6k/fpu/crtbegin.o
 .text.startup  0x00100d9c      0x18c main.o
                0x00100d9c                main
 .text.C2Di_FrameEndHook
                0x00100f28       0x44 C:/devkitPro/libctru/lib\libcitro2d.a(base.o)
 *fill*         0x00100f6c        0x4 
 .text.C2D_Init
                0x00100f70      0x36c C:/devkitPro/libctru/lib\libcitro2d.a(base.o)
                0x00100f70                C2D_Init
 .text.C2D_Fini
                0x001012dc       0x4c C:/devkitPro/libctru/lib\libcitro2d.a(base.o)
                0x001012dc                C2D_Fini
 .text.C2D_Prepare
                0x00101328       0xb8 C:/devkitPro/libctru/lib\libcitro2d.a(base.o)
                0x00101328                C2D_Prepare
 .text.C2D_Flush
                0x001013e0       0x48 C:/devkitPro/libctru/lib\libcitro2d.a(base.o)
                0x001013e0                C2D_Flush
 .text.C2D_SceneSize
                0x00101428      0x104 C:/devkitPro/libctru/lib\libcitro2d.a(base.o)
                0x00101428                C2D_SceneSize
 .text.C2D_CreateScreenTarget
                0x0010152c       0x58 C:/devkitPro/libctru/lib\libcitro2d.a(base.o)
                0x0010152c                C2D_CreateScreenTarget
 .text.C2D_TargetClear
                0x00101584       0x64 C:/devkitPro/libctru/lib\libcitro2d.a(base.o)
                0x00101584                C2D_TargetClear
 .text.C2Di_CalcQuad
                0x001015e8      0x13c C:/devkitPro/libctru/lib\libcitro2d.a(base.o)
                0x001015e8                C2Di_CalcQuad
 .text.C2Di_AppendQuad
                0x00101724       0x58 C:/devkitPro/libctru/lib\libcitro2d.a(base.o)
                0x00101724                C2Di_AppendQuad
 .text.C2Di_Update
                0x0010177c      0x550 C:/devkitPro/libctru/lib\libcitro2d.a(base.o)
                0x0010177c                C2Di_Update
 .text.C2D_DrawImage
                0x00101ccc      0x2b0 C:/devkitPro/libctru/lib\libcitro2d.a(base.o)
                0x00101ccc                C2D_DrawImage
 .text.C2D_SpriteSheetLoadFromHandle
                0x00101f7c       0x6c C:/devkitPro/libctru/lib\libcitro2d.a(spritesheet.o)
                0x00101f7c                C2D_SpriteSheetLoadFromHandle
 .text.C2D_SpriteSheetLoad
                0x00101fe8       0x48 C:/devkitPro/libctru/lib\libcitro2d.a(spritesheet.o)
                0x00101fe8                C2D_SpriteSheetLoad
 .text.C2D_SpriteSheetFree
                0x00102030       0x28 C:/devkitPro/libctru/lib\libcitro2d.a(spritesheet.o)
                0x00102030                C2D_SpriteSheetFree
 .text.C2D_SpriteSheetGetImage
                0x00102058       0x2c C:/devkitPro/libctru/lib\libcitro2d.a(spritesheet.o)
                0x00102058                C2D_SpriteSheetGetImage
 .text.AttrInfo_Init
                0x00102084       0x28 C:/devkitPro/libctru/lib\libcitro3d.a(attribs.o)
                0x00102084                AttrInfo_Init
 .text.AttrInfo_AddLoader
                0x001020ac       0x94 C:/devkitPro/libctru/lib\libcitro3d.a(attribs.o)
                0x001020ac                AttrInfo_AddLoader
 .text.C3D_SetAttrInfo
                0x00102140       0x54 C:/devkitPro/libctru/lib\libcitro3d.a(attribs.o)
                0x00102140                C3D_SetAttrInfo
 .text.C3Di_AttrInfoBind
                0x00102194       0x80 C:/devkitPro/libctru/lib\libcitro3d.a(attribs.o)
                0x00102194                C3Di_AttrInfoBind
 .text.C3Di_LightEnvUpdate
                0x00102214        0x4 C:/devkitPro/libctru/lib\libcitro3d.a(base.o)
                0x00102214                C3Di_LightEnvUpdate
 .text.C3Di_LightEnvDirty
                0x00102218        0x4 C:/devkitPro/libctru/lib\libcitro3d.a(base.o)
                0x00102218                C3Di_LightEnvDirty
 .text.C3Di_AptEventHook
                0x0010221c       0xb4 C:/devkitPro/libctru/lib\libcitro3d.a(base.o)
 .text.C3Di_GasUpdate
                0x001022d0        0x4 C:/devkitPro/libctru/lib\libcitro3d.a(base.o)
                0x001022d0                C3Di_GasUpdate
 .text.C3D_Init
                0x001022d4      0x1d0 C:/devkitPro/libctru/lib\libcitro3d.a(base.o)
                0x001022d4                C3D_Init
 .text.C3D_SetViewport
                0x001024a4       0x98 C:/devkitPro/libctru/lib\libcitro3d.a(base.o)
                0x001024a4                C3D_SetViewport
 .text.C3Di_UpdateContext
                0x0010253c      0x4e8 C:/devkitPro/libctru/lib\libcitro3d.a(base.o)
                0x0010253c                C3Di_UpdateContext
 .text.C3Di_SplitFrame
                0x00102a24       0xe0 C:/devkitPro/libctru/lib\libcitro3d.a(base.o)
                0x00102a24                C3Di_SplitFrame
 .text.C3D_Fini
                0x00102b04       0x44 C:/devkitPro/libctru/lib\libcitro3d.a(base.o)
                0x00102b04                C3D_Fini
 .text.C3D_BindProgram
                0x00102b48      0x194 C:/devkitPro/libctru/lib\libcitro3d.a(base.o)
                0x00102b48                C3D_BindProgram
 .text.BufInfo_Init
                0x00102cdc       0x24 C:/devkitPro/libctru/lib\libcitro3d.a(buffers.o)
                0x00102cdc                BufInfo_Init
 .text.BufInfo_Add
                0x00102d00       0x80 C:/devkitPro/libctru/lib\libcitro3d.a(buffers.o)
                0x00102d00                BufInfo_Add
 .text.C3D_SetBufInfo
                0x00102d80       0x3c C:/devkitPro/libctru/lib\libcitro3d.a(buffers.o)
                0x00102d80                C3D_SetBufInfo
 .text.C3Di_BufInfoBind
                0x00102dbc       0x48 C:/devkitPro/libctru/lib\libcitro3d.a(buffers.o)
                0x00102dbc                C3Di_BufInfoBind
 .text.C3D_DrawElements
                0x00102e04      0x21c C:/devkitPro/libctru/lib\libcitro3d.a(drawElements.o)
                0x00102e04                C3D_DrawElements
 .text.C3D_DepthMap
                0x00103020       0x40 C:/devkitPro/libctru/lib\libcitro3d.a(effect.o)
                0x00103020                C3D_DepthMap
 .text.C3D_CullFace
                0x00103060       0x1c C:/devkitPro/libctru/lib\libcitro3d.a(effect.o)
                0x00103060                C3D_CullFace
 .text.C3D_StencilTest
                0x0010307c       0x40 C:/devkitPro/libctru/lib\libcitro3d.a(effect.o)
                0x0010307c                C3D_StencilTest
 .text.C3D_StencilOp
                0x001030bc       0x24 C:/devkitPro/libctru/lib\libcitro3d.a(effect.o)
                0x001030bc                C3D_StencilOp
 .text.C3D_BlendingColor
                0x001030e0       0x1c C:/devkitPro/libctru/lib\libcitro3d.a(effect.o)
                0x001030e0                C3D_BlendingColor
 .text.C3D_EarlyDepthTest
                0x001030fc       0x24 C:/devkitPro/libctru/lib\libcitro3d.a(effect.o)
                0x001030fc                C3D_EarlyDepthTest
 .text.C3D_DepthTest
                0x00103120       0x2c C:/devkitPro/libctru/lib\libcitro3d.a(effect.o)
                0x00103120                C3D_DepthTest
 .text.C3D_AlphaTest
                0x0010314c       0x2c C:/devkitPro/libctru/lib\libcitro3d.a(effect.o)
                0x0010314c                C3D_AlphaTest
 .text.C3D_AlphaBlend
                0x00103178       0x50 C:/devkitPro/libctru/lib\libcitro3d.a(effect.o)
                0x00103178                C3D_AlphaBlend
 .text.C3D_FragOpMode
                0x001031c8       0x30 C:/devkitPro/libctru/lib\libcitro3d.a(effect.o)
                0x001031c8                C3D_FragOpMode
 .text.C3D_FragOpShadow
                0x001031f8       0x44 C:/devkitPro/libctru/lib\libcitro3d.a(effect.o)
                0x001031f8                C3D_FragOpShadow
 .text.C3Di_EffectBind
                0x0010323c      0x1ac C:/devkitPro/libctru/lib\libcitro3d.a(effect.o)
                0x0010323c                C3Di_EffectBind
 .text.C3D_CalcColorBufSize
                0x001033e8       0x1c C:/devkitPro/libctru/lib\libcitro3d.a(framebuffer.o)
                0x001033e8                C3D_CalcColorBufSize
 .text.C3D_CalcDepthBufSize
                0x00103404       0x1c C:/devkitPro/libctru/lib\libcitro3d.a(framebuffer.o)
                0x00103404                C3D_CalcDepthBufSize
 .text.C3D_SetFrameBuf
                0x00103420       0x44 C:/devkitPro/libctru/lib\libcitro3d.a(framebuffer.o)
                0x00103420                C3D_SetFrameBuf
 .text.C3Di_FrameBufBind
                0x00103464      0x16c C:/devkitPro/libctru/lib\libcitro3d.a(framebuffer.o)
                0x00103464                C3Di_FrameBufBind
 .text.C3D_FrameBufClear
                0x001035d0       0xc8 C:/devkitPro/libctru/lib\libcitro3d.a(framebuffer.o)
                0x001035d0                C3D_FrameBufClear
 .text.C3D_FrameBufTransfer
                0x00103698       0x44 C:/devkitPro/libctru/lib\libcitro3d.a(framebuffer.o)
                0x00103698                C3D_FrameBufTransfer
 .text.C3D_ImmSendAttrib
                0x001036dc       0xa8 C:/devkitPro/libctru/lib\libcitro3d.a(immediate.o)
                0x001036dc                C3D_ImmSendAttrib
 .text.C3D_ProcTexInit
                0x00103784       0x70 C:/devkitPro/libctru/lib\libcitro3d.a(proctex.o)
                0x00103784                C3D_ProcTexInit
 .text.C3D_ProcTexBind
                0x001037f4       0x54 C:/devkitPro/libctru/lib\libcitro3d.a(proctex.o)
                0x001037f4                C3D_ProcTexBind
 .text.C3D_ProcTexLutBind
                0x00103848       0x5c C:/devkitPro/libctru/lib\libcitro3d.a(proctex.o)
                0x00103848                C3D_ProcTexLutBind
 .text.ProcTexLut_FromArray
                0x001038a4       0xa4 C:/devkitPro/libctru/lib\libcitro3d.a(proctex.o)
                0x001038a4                ProcTexLut_FromArray
 .text.C3Di_ProcTexUpdate
                0x00103948      0x178 C:/devkitPro/libctru/lib\libcitro3d.a(proctex.o)
                0x00103948                C3Di_ProcTexUpdate
 .text.C3Di_ProcTexDirty
                0x00103ac0       0x68 C:/devkitPro/libctru/lib\libcitro3d.a(proctex.o)
                0x00103ac0                C3Di_ProcTexDirty
 .text.onVBlank0
                0x00103b28       0x4c C:/devkitPro/libctru/lib\libcitro3d.a(renderqueue.o)
 .text.onVBlank1
                0x00103b74       0x4c C:/devkitPro/libctru/lib\libcitro3d.a(renderqueue.o)
 .text.C3Di_RenderTargetDestroy
                0x00103bc0       0x80 C:/devkitPro/libctru/lib\libcitro3d.a(renderqueue.o)
 .text.onQueueFinish
                0x00103c40       0xf4 C:/devkitPro/libctru/lib\libcitro3d.a(renderqueue.o)
 .text.C3Di_RenderQueueEnableVBlank
                0x00103d34       0x38 C:/devkitPro/libctru/lib\libcitro3d.a(renderqueue.o)
                0x00103d34                C3Di_RenderQueueEnableVBlank
 .text.C3Di_RenderQueueDisableVBlank
                0x00103d6c       0x30 C:/devkitPro/libctru/lib\libcitro3d.a(renderqueue.o)
                0x00103d6c                C3Di_RenderQueueDisableVBlank
 .text.C3Di_RenderQueueInit
                0x00103d9c       0x60 C:/devkitPro/libctru/lib\libcitro3d.a(renderqueue.o)
                0x00103d9c                C3Di_RenderQueueInit
 .text.C3Di_RenderQueueExit
                0x00103dfc       0xb4 C:/devkitPro/libctru/lib\libcitro3d.a(renderqueue.o)
                0x00103dfc                C3Di_RenderQueueExit
 .text.C3Di_RenderQueueWaitDone
                0x00103eb0       0x34 C:/devkitPro/libctru/lib\libcitro3d.a(renderqueue.o)
                0x00103eb0                C3Di_RenderQueueWaitDone
 .text.C3D_FrameBegin
                0x00103ee4       0xe8 C:/devkitPro/libctru/lib\libcitro3d.a(renderqueue.o)
                0x00103ee4                C3D_FrameBegin
 .text.C3D_FrameDrawOn
                0x00103fcc       0x48 C:/devkitPro/libctru/lib\libcitro3d.a(renderqueue.o)
                0x00103fcc                C3D_FrameDrawOn
 .text.C3D_FrameSplit
                0x00104014       0x58 C:/devkitPro/libctru/lib\libcitro3d.a(renderqueue.o)
                0x00104014                C3D_FrameSplit
 .text.C3D_FrameEnd
                0x0010406c      0x1d0 C:/devkitPro/libctru/lib\libcitro3d.a(renderqueue.o)
                0x0010406c                C3D_FrameEnd
 .text.C3D_FrameEndHook
                0x0010423c       0x1c C:/devkitPro/libctru/lib\libcitro3d.a(renderqueue.o)
                0x0010423c                C3D_FrameEndHook
 .text.C3D_RenderTargetCreate
                0x00104258      0x170 C:/devkitPro/libctru/lib\libcitro3d.a(renderqueue.o)
                0x00104258                C3D_RenderTargetCreate
 .text.C3D_RenderTargetSetOutput
                0x001043c8       0xa8 C:/devkitPro/libctru/lib\libcitro3d.a(renderqueue.o)
                0x001043c8                C3D_RenderTargetSetOutput
 .text.C3D_SyncTextureCopy
                0x00104470       0xfc C:/devkitPro/libctru/lib\libcitro3d.a(renderqueue.o)
                0x00104470                C3D_SyncTextureCopy
 .text.Tex3DSi_ImportCommon
                0x0010456c      0x3d8 C:/devkitPro/libctru/lib\libcitro3d.a(tex3ds.o)
 .text.Tex3DS_TextureImportStdio
                0x00104944       0x38 C:/devkitPro/libctru/lib\libcitro3d.a(tex3ds.o)
                0x00104944                Tex3DS_TextureImportStdio
 .text.Tex3DS_GetSubTexture
                0x0010497c       0x1c C:/devkitPro/libctru/lib\libcitro3d.a(tex3ds.o)
                0x0010497c                Tex3DS_GetSubTexture
 .text.Tex3DS_TextureFree
                0x00104998        0x4 C:/devkitPro/libctru/lib\libcitro3d.a(tex3ds.o)
                0x00104998                Tex3DS_TextureFree
 .text.C3D_GetTexEnv
                0x0010499c       0x34 C:/devkitPro/libctru/lib\libcitro3d.a(texenv.o)
                0x0010499c                C3D_GetTexEnv
 .text.C3Di_TexEnvBind
                0x001049d0       0x24 C:/devkitPro/libctru/lib\libcitro3d.a(texenv.o)
                0x001049d0                C3Di_TexEnvBind
 .text.C3D_TexInitWithParams
                0x001049f4      0x290 C:/devkitPro/libctru/lib\libcitro3d.a(texture.o)
                0x001049f4                C3D_TexInitWithParams
 .text.C3D_TexLoadImage
                0x00104c84       0xc8 C:/devkitPro/libctru/lib\libcitro3d.a(texture.o)
                0x00104c84                C3D_TexLoadImage
 .text.C3D_TexBind
                0x00104d4c       0x44 C:/devkitPro/libctru/lib\libcitro3d.a(texture.o)
                0x00104d4c                C3D_TexBind
 .text.C3D_TexDelete
                0x00104d90       0x74 C:/devkitPro/libctru/lib\libcitro3d.a(texture.o)
                0x00104d90                C3D_TexDelete
 .text.C3Di_SetTex
                0x00104e04      0x14c C:/devkitPro/libctru/lib\libcitro3d.a(texture.o)
                0x00104e04                C3Di_SetTex
 .text.C3D_UpdateUniforms
                0x00104f50      0x290 C:/devkitPro/libctru/lib\libcitro3d.a(uniforms.o)
                0x00104f50                C3D_UpdateUniforms
 .text.C3Di_DirtyUniforms
                0x001051e0       0xc0 C:/devkitPro/libctru/lib\libcitro3d.a(uniforms.o)
                0x001051e0                C3Di_DirtyUniforms
 .text.C3Di_LoadShaderUniforms
                0x001052a0       0xd8 C:/devkitPro/libctru/lib\libcitro3d.a(uniforms.o)
                0x001052a0                C3Di_LoadShaderUniforms
 .text.C3Di_ClearShaderUniforms
                0x00105378       0x28 C:/devkitPro/libctru/lib\libcitro3d.a(uniforms.o)
                0x00105378                C3Di_ClearShaderUniforms
 .text.Mtx_Ortho
                0x001053a0       0xcc C:/devkitPro/libctru/lib\libcitro3d.a(mtx_ortho.o)
                0x001053a0                Mtx_Ortho
 .text.Mtx_OrthoTilt
                0x0010546c       0xcc C:/devkitPro/libctru/lib\libcitro3d.a(mtx_orthotilt.o)
                0x0010546c                Mtx_OrthoTilt
 .text._ZL21addrMapNodeComparatorPK11rbtree_nodeS1_
                0x00105538       0x24 C:/devkitPro/libctru/lib\libctru.a(linear.o)
 .text._ZL21addrMapNodeDestructorP11rbtree_node
                0x0010555c        0x4 C:/devkitPro/libctru/lib\libctru.a(linear.o)
 .text.linearMemAlign
                0x00105560      0x120 C:/devkitPro/libctru/lib\libctru.a(linear.o)
                0x00105560                linearMemAlign
 .text.linearAlloc
                0x00105680        0x8 C:/devkitPro/libctru/lib\libctru.a(linear.o)
                0x00105680                linearAlloc
 .text.linearFree
                0x00105688       0x5c C:/devkitPro/libctru/lib\libctru.a(linear.o)
                0x00105688                linearFree
 .text._ZN7MemPool13CoalesceRightEP8MemBlock
                0x001056e4       0x80 C:/devkitPro/libctru/lib\libctru.a(mem_pool.o)
                0x001056e4                MemPool::CoalesceRight(MemBlock*)
 .text._ZN7MemPool8AllocateER8MemChunkmi
                0x00105764      0x16c C:/devkitPro/libctru/lib\libctru.a(mem_pool.o)
                0x00105764                MemPool::Allocate(MemChunk&, unsigned long, int)
 .text._ZN7MemPool10DeallocateERK8MemChunk
                0x001058d0       0xfc C:/devkitPro/libctru/lib\libctru.a(mem_pool.o)
                0x001058d0                MemPool::Deallocate(MemChunk const&)
 .text._ZN7MemPool12GetFreeSpaceEv
                0x001059cc       0x30 C:/devkitPro/libctru/lib\libctru.a(mem_pool.o)
                0x001059cc                MemPool::GetFreeSpace()
 .text._ZL21addrMapNodeComparatorPK11rbtree_nodeS1_
                0x001059fc       0x24 C:/devkitPro/libctru/lib\libctru.a(vram.o)
 .text._ZL21addrMapNodeDestructorP11rbtree_node
                0x00105a20        0x4 C:/devkitPro/libctru/lib\libctru.a(vram.o)
 .text.vramMemAlignAt
                0x00105a24      0x24c C:/devkitPro/libctru/lib\libctru.a(vram.o)
                0x00105a24                vramMemAlignAt
 .text.vramAlloc
                0x00105c70        0xc C:/devkitPro/libctru/lib\libctru.a(vram.o)
                0x00105c70                vramAlloc
 .text.vramAllocAt
                0x00105c7c        0xc C:/devkitPro/libctru/lib\libctru.a(vram.o)
                0x00105c7c                vramAllocAt
 .text.vramFree
                0x00105c88       0x90 C:/devkitPro/libctru/lib\libctru.a(vram.o)
                0x00105c88                vramFree
 .text.consoleHandleColorEsc
                0x00105d18      0x51c C:/devkitPro/libctru/lib\libctru.a(console.o)
 .text.consoleColorStateShift
                0x00106234       0xb8 C:/devkitPro/libctru/lib\libctru.a(console.o)
 .text.consoleDrawChar
                0x001062ec      0x1ac C:/devkitPro/libctru/lib\libctru.a(console.o)
                0x001062ec                consoleDrawChar
 .text.consolePrintChar
                0x00106498      0x124 C:/devkitPro/libctru/lib\libctru.a(console.o)
                0x00106498                consolePrintChar
 .text.con_write
                0x001065bc      0x6f4 C:/devkitPro/libctru/lib\libctru.a(console.o)
                0x001065bc                con_write
 .text.newRow   0x00106cb0       0xfc C:/devkitPro/libctru/lib\libctru.a(console.o)
 .text.consoleInit
                0x00106dac      0x18c C:/devkitPro/libctru/lib\libctru.a(console.o)
                0x00106dac                consoleInit
 .text.gfxPresentFramebuffer
                0x00106f38       0xd0 C:/devkitPro/libctru/lib\libctru.a(gfx.o)
 .text.gfxIsWide
                0x00107008       0x1c C:/devkitPro/libctru/lib\libctru.a(gfx.o)
                0x00107008                gfxIsWide
 .text.gfxSetScreenFormat
                0x00107024       0xec C:/devkitPro/libctru/lib\libctru.a(gfx.o)
                0x00107024                gfxSetScreenFormat
 .text.gfxSetDoubleBuffering
                0x00107110       0x10 C:/devkitPro/libctru/lib\libctru.a(gfx.o)
                0x00107110                gfxSetDoubleBuffering
 .text.gfxInit  0x00107120       0xe0 C:/devkitPro/libctru/lib\libctru.a(gfx.o)
                0x00107120                gfxInit
 .text.gfxInitDefault
                0x00107200       0x10 C:/devkitPro/libctru/lib\libctru.a(gfx.o)
                0x00107200                gfxInitDefault
 .text.gfxExit  0x00107210       0xb4 C:/devkitPro/libctru/lib\libctru.a(gfx.o)
                0x00107210                gfxExit
 .text.gfxGetFramebuffer
                0x001072c4       0xa0 C:/devkitPro/libctru/lib\libctru.a(gfx.o)
                0x001072c4                gfxGetFramebuffer
 .text.gfxFlushBuffers
                0x00107364      0x104 C:/devkitPro/libctru/lib\libctru.a(gfx.o)
                0x00107364                gfxFlushBuffers
 .text.gfxScreenSwapBuffers
                0x00107468       0x30 C:/devkitPro/libctru/lib\libctru.a(gfx.o)
                0x00107468                gfxScreenSwapBuffers
 .text.gfxSwapBuffersGpu
                0x00107498       0x50 C:/devkitPro/libctru/lib\libctru.a(gfx.o)
                0x00107498                gfxSwapBuffersGpu
 .text.osConvertVirtToPhys
                0x001074e8       0x74 C:/devkitPro/libctru/lib\libctru.a(os.o)
                0x001074e8                osConvertVirtToPhys
 .text.osGetTimeRef
                0x0010755c       0x54 C:/devkitPro/libctru/lib\libctru.a(os.o)
                0x0010755c                osGetTimeRef
 .text.osGetTime
                0x001075b0       0xec C:/devkitPro/libctru/lib\libctru.a(os.o)
                0x001075b0                osGetTime
 .text.__ctru_speedup_config
                0x0010769c       0x34 C:/devkitPro/libctru/lib\libctru.a(os.o)
                0x0010769c                __ctru_speedup_config
 .text.romfs_close
                0x001076d0        0x8 C:/devkitPro/libctru/lib\libctru.a(romfs_dev.o)
 .text.romfs_seek
                0x001076d8       0xc4 C:/devkitPro/libctru/lib\libctru.a(romfs_dev.o)
 .text.romfs_dirreset
                0x0010779c       0x24 C:/devkitPro/libctru/lib\libctru.a(romfs_dev.o)
 .text.fill_dir
                0x001077c0       0xc8 C:/devkitPro/libctru/lib\libctru.a(romfs_dev.o)
 .text.romfs_dirnext
                0x00107888      0x2a8 C:/devkitPro/libctru/lib\libctru.a(romfs_dev.o)
 .text.romfs_free
                0x00107b30       0x84 C:/devkitPro/libctru/lib\libctru.a(romfs_dev.o)
 .text.searchForFile.constprop.0
                0x00107bb4       0xd4 C:/devkitPro/libctru/lib\libctru.a(romfs_dev.o)
 .text.searchForDir.constprop.0
                0x00107c88       0xd8 C:/devkitPro/libctru/lib\libctru.a(romfs_dev.o)
 .text.navigateToDir.constprop.0
                0x00107d60      0x1c0 C:/devkitPro/libctru/lib\libctru.a(romfs_dev.o)
 .text.romfs_open
                0x00107f20      0x10c C:/devkitPro/libctru/lib\libctru.a(romfs_dev.o)
 .text.romfs_chdir
                0x0010802c       0x4c C:/devkitPro/libctru/lib\libctru.a(romfs_dev.o)
 .text.romfs_diropen
                0x00108078       0x70 C:/devkitPro/libctru/lib\libctru.a(romfs_dev.o)
 .text.romfs_stat
                0x001080e8      0x174 C:/devkitPro/libctru/lib\libctru.a(romfs_dev.o)
 .text.romfs_dirclose
                0x0010825c        0x8 C:/devkitPro/libctru/lib\libctru.a(romfs_dev.o)
 *fill*         0x00108264        0x4 
 .text.romfs_fstat
                0x00108268       0x84 C:/devkitPro/libctru/lib\libctru.a(romfs_dev.o)
 .text.romfs_read
                0x001082ec       0xd0 C:/devkitPro/libctru/lib\libctru.a(romfs_dev.o)
 .text.romfsMountFromFile
                0x001083bc      0x28c C:/devkitPro/libctru/lib\libctru.a(romfs_dev.o)
                0x001083bc                romfsMountFromFile
 .text.romfsMountFromCurrentProcess
                0x00108648       0x98 C:/devkitPro/libctru/lib\libctru.a(romfs_dev.o)
                0x00108648                romfsMountFromCurrentProcess
 .text.romfsMountSelf
                0x001086e0      0x260 C:/devkitPro/libctru/lib\libctru.a(romfs_dev.o)
                0x001086e0                romfsMountSelf
 .text.romfsUnmount
                0x00108940       0xa0 C:/devkitPro/libctru/lib\libctru.a(romfs_dev.o)
                0x00108940                romfsUnmount
 .text.GPUCMD_Add
                0x001089e0      0x13c C:/devkitPro/libctru/lib\libctru.a(gpu.o)
                0x001089e0                GPUCMD_Add
 .text.GPUCMD_Split
                0x00108b1c       0xb0 C:/devkitPro/libctru/lib\libctru.a(gpu.o)
                0x00108b1c                GPUCMD_Split
 .text.f32tof16
                0x00108bcc       0x34 C:/devkitPro/libctru/lib\libctru.a(gpu.o)
                0x00108bcc                f32tof16
 .text.f32tof24
                0x00108c00       0x34 C:/devkitPro/libctru/lib\libctru.a(gpu.o)
                0x00108c00                f32tof24
 .text.f32tof31
                0x00108c34       0x38 C:/devkitPro/libctru/lib\libctru.a(gpu.o)
                0x00108c34                f32tof31
 .text.GX_BindQueue
                0x00108c6c       0x10 C:/devkitPro/libctru/lib\libctru.a(gx.o)
                0x00108c6c                GX_BindQueue
 .text.GX_ProcessCommandList
                0x00108c7c       0x78 C:/devkitPro/libctru/lib\libctru.a(gx.o)
                0x00108c7c                GX_ProcessCommandList
 .text.GX_MemoryFill
                0x00108cf4       0x74 C:/devkitPro/libctru/lib\libctru.a(gx.o)
                0x00108cf4                GX_MemoryFill
 .text.GX_DisplayTransfer
                0x00108d68       0x70 C:/devkitPro/libctru/lib\libctru.a(gx.o)
                0x00108d68                GX_DisplayTransfer
 .text.GX_TextureCopy
                0x00108dd8       0x74 C:/devkitPro/libctru/lib\libctru.a(gx.o)
                0x00108dd8                GX_TextureCopy
 .text.gxCmdQueueDoCommands.part.0
                0x00108e4c       0x68 C:/devkitPro/libctru/lib\libctru.a(gxqueue.o)
 .text.gxCmdQueueInterrupt
                0x00108eb4       0xc8 C:/devkitPro/libctru/lib\libctru.a(gxqueue.o)
                0x00108eb4                gxCmdQueueInterrupt
 .text.gxCmdQueueClear
                0x00108f7c       0x4c C:/devkitPro/libctru/lib\libctru.a(gxqueue.o)
                0x00108f7c                gxCmdQueueClear
 .text.gxCmdQueueAdd
                0x00108fc8       0xf8 C:/devkitPro/libctru/lib\libctru.a(gxqueue.o)
                0x00108fc8                gxCmdQueueAdd
 .text.gxCmdQueueRun
                0x001090c0       0x80 C:/devkitPro/libctru/lib\libctru.a(gxqueue.o)
                0x001090c0                gxCmdQueueRun
 .text.gxCmdQueueStop
                0x00109140       0x60 C:/devkitPro/libctru/lib\libctru.a(gxqueue.o)
                0x00109140                gxCmdQueueStop
 .text.gxCmdQueueWait
                0x001091a0       0x8c C:/devkitPro/libctru/lib\libctru.a(gxqueue.o)
                0x001091a0                gxCmdQueueWait
 .text.shaderInstanceInit
                0x0010922c      0x1d0 C:/devkitPro/libctru/lib\libctru.a(shaderProgram.o)
                0x0010922c                shaderInstanceInit
 .text.shaderInstanceGetUniformLocation
                0x001093fc       0x18 C:/devkitPro/libctru/lib\libctru.a(shaderProgram.o)
                0x001093fc                shaderInstanceGetUniformLocation
 .text.shaderProgramInit
                0x00109414       0x1c C:/devkitPro/libctru/lib\libctru.a(shaderProgram.o)
                0x00109414                shaderProgramInit
 .text.shaderProgramFree
                0x00109430       0x64 C:/devkitPro/libctru/lib\libctru.a(shaderProgram.o)
                0x00109430                shaderProgramFree
 .text.shaderProgramSetVsh
                0x00109494       0x80 C:/devkitPro/libctru/lib\libctru.a(shaderProgram.o)
                0x00109494                shaderProgramSetVsh
 .text.shaderProgramConfigure
                0x00109514      0x8e0 C:/devkitPro/libctru/lib\libctru.a(shaderProgram.o)
                0x00109514                shaderProgramConfigure
 .text.DVLE_GenerateOutmap.part.0
                0x00109df4      0x1cc C:/devkitPro/libctru/lib\libctru.a(shbin.o)
 .text.DVLB_ParseFile
                0x00109fc0      0x1b4 C:/devkitPro/libctru/lib\libctru.a(shbin.o)
                0x00109fc0                DVLB_ParseFile
 .text.DVLB_Free
                0x0010a174       0x38 C:/devkitPro/libctru/lib\libctru.a(shbin.o)
                0x0010a174                DVLB_Free
 .text.DVLE_GetUniformRegister
                0x0010a1ac       0x74 C:/devkitPro/libctru/lib\libctru.a(shbin.o)
                0x0010a1ac                DVLE_GetUniformRegister
 .text.aptConvertScreenForCapture
                0x0010a220      0x1ac C:/devkitPro/libctru/lib\libctru.a(apt.o)
 .text.aptDspSleep
                0x0010a3cc        0x8 C:/devkitPro/libctru/lib\libctru.a(apt.o)
                0x0010a3cc                aptDspSleep
 .text.aptDspWakeup
                0x0010a3d4        0x4 C:/devkitPro/libctru/lib\libctru.a(apt.o)
                0x0010a3d4                aptDspWakeup
 .text.aptDspCancel
                0x0010a3d8        0x4 C:/devkitPro/libctru/lib\libctru.a(apt.o)
                0x0010a3d8                aptDspCancel
 .text.aptSendCommand
                0x0010a3dc      0x158 C:/devkitPro/libctru/lib\libctru.a(apt.o)
                0x0010a3dc                aptSendCommand
 *fill*         0x0010a534        0x4 
 .text.aptExitProcess
                0x0010a538       0x44 C:/devkitPro/libctru/lib\libctru.a(apt.o)
 .text.aptExit  0x0010a57c      0x38c C:/devkitPro/libctru/lib\libctru.a(apt.o)
                0x0010a57c                aptExit
 .text.aptHandleSleep
                0x0010a908       0xe0 C:/devkitPro/libctru/lib\libctru.a(apt.o)
                0x0010a908                aptHandleSleep
 .text.aptHook  0x0010a9e8       0x30 C:/devkitPro/libctru/lib\libctru.a(apt.o)
                0x0010a9e8                aptHook
 .text.aptUnhook
                0x0010aa18       0x30 C:/devkitPro/libctru/lib\libctru.a(apt.o)
                0x0010aa18                aptUnhook
 .text.APT_SleepIfShellClosed
                0x0010aa48       0x84 C:/devkitPro/libctru/lib\libctru.a(apt.o)
                0x0010aa48                APT_SleepIfShellClosed
 .text.aptSetSleepAllowed
                0x0010aacc       0x84 C:/devkitPro/libctru/lib\libctru.a(apt.o)
                0x0010aacc                aptSetSleepAllowed
 .text.APT_UnlockTransition
                0x0010ab50       0x84 C:/devkitPro/libctru/lib\libctru.a(apt.o)
                0x0010ab50                APT_UnlockTransition
 *fill*         0x0010abd4        0x4 
 .text.aptEventHandler
                0x0010abd8      0x4a4 C:/devkitPro/libctru/lib\libctru.a(apt.o)
 .text.APT_ReceiveParameter
                0x0010b07c       0xb0 C:/devkitPro/libctru/lib\libctru.a(apt.o)
                0x0010b07c                APT_ReceiveParameter
 .text.aptReceiveParameter.constprop.0
                0x0010b12c       0xac C:/devkitPro/libctru/lib\libctru.a(apt.o)
 .text.aptScreenTransfer
                0x0010b1d8      0x2ac C:/devkitPro/libctru/lib\libctru.a(apt.o)
 .text.aptWaitForWakeUp.isra.0
                0x0010b484      0x320 C:/devkitPro/libctru/lib\libctru.a(apt.o)
 .text.aptJumpToHomeMenu
                0x0010b7a4       0xf8 C:/devkitPro/libctru/lib\libctru.a(apt.o)
                0x0010b7a4                aptJumpToHomeMenu
 .text.aptMainLoop
                0x0010b89c       0x48 C:/devkitPro/libctru/lib\libctru.a(apt.o)
                0x0010b89c                aptMainLoop
 .text.aptInit  0x0010b8e4      0x22c C:/devkitPro/libctru/lib\libctru.a(apt.o)
                0x0010b8e4                aptInit
 .text.APT_CheckNew3DS
                0x0010bb10       0x7c C:/devkitPro/libctru/lib\libctru.a(apt.o)
                0x0010bb10                APT_CheckNew3DS
 .text.fsInit   0x0010bb8c       0xcc C:/devkitPro/libctru/lib\libctru.a(fs.o)
                0x0010bb8c                fsInit
 .text.fsExit   0x0010bc58       0x3c C:/devkitPro/libctru/lib\libctru.a(fs.o)
                0x0010bc58                fsExit
 .text.fsExemptFromSession
                0x0010bc94       0x60 C:/devkitPro/libctru/lib\libctru.a(fs.o)
                0x0010bc94                fsExemptFromSession
 .text.fsUnexemptFromSession
                0x0010bcf4       0x50 C:/devkitPro/libctru/lib\libctru.a(fs.o)
                0x0010bcf4                fsUnexemptFromSession
 .text.FSUSER_OpenFile
                0x0010bd44       0xcc C:/devkitPro/libctru/lib\libctru.a(fs.o)
                0x0010bd44                FSUSER_OpenFile
 .text.FSUSER_OpenFileDirectly
                0x0010be10       0xd4 C:/devkitPro/libctru/lib\libctru.a(fs.o)
                0x0010be10                FSUSER_OpenFileDirectly
 .text.FSUSER_DeleteFile
                0x0010bee4       0xbc C:/devkitPro/libctru/lib\libctru.a(fs.o)
                0x0010bee4                FSUSER_DeleteFile
 .text.FSUSER_RenameFile
                0x0010bfa0       0xf8 C:/devkitPro/libctru/lib\libctru.a(fs.o)
                0x0010bfa0                FSUSER_RenameFile
 .text.FSUSER_DeleteDirectory
                0x0010c098       0xbc C:/devkitPro/libctru/lib\libctru.a(fs.o)
                0x0010c098                FSUSER_DeleteDirectory
 .text.FSUSER_CreateFile
                0x0010c154       0xd4 C:/devkitPro/libctru/lib\libctru.a(fs.o)
                0x0010c154                FSUSER_CreateFile
 .text.FSUSER_CreateDirectory
                0x0010c228       0xc4 C:/devkitPro/libctru/lib\libctru.a(fs.o)
                0x0010c228                FSUSER_CreateDirectory
 .text.FSUSER_RenameDirectory
                0x0010c2ec       0xf8 C:/devkitPro/libctru/lib\libctru.a(fs.o)
                0x0010c2ec                FSUSER_RenameDirectory
 .text.FSUSER_OpenDirectory
                0x0010c3e4       0xb4 C:/devkitPro/libctru/lib\libctru.a(fs.o)
                0x0010c3e4                FSUSER_OpenDirectory
 .text.FSUSER_OpenArchive
                0x0010c498       0x94 C:/devkitPro/libctru/lib\libctru.a(fs.o)
                0x0010c498                FSUSER_OpenArchive
 .text.FSUSER_CloseArchive
                0x0010c52c       0x8c C:/devkitPro/libctru/lib\libctru.a(fs.o)
                0x0010c52c                FSUSER_CloseArchive
 .text.FSUSER_GetSdmcArchiveResource
                0x0010c5b8       0x74 C:/devkitPro/libctru/lib\libctru.a(fs.o)
                0x0010c5b8                FSUSER_GetSdmcArchiveResource
 .text.FSUSER_IsSdmcWritable
                0x0010c62c       0x64 C:/devkitPro/libctru/lib\libctru.a(fs.o)
                0x0010c62c                FSUSER_IsSdmcWritable
 .text.FSFILE_Read
                0x0010c690       0x58 C:/devkitPro/libctru/lib\libctru.a(fs.o)
                0x0010c690                FSFILE_Read
 .text.FSFILE_Write
                0x0010c6e8       0x60 C:/devkitPro/libctru/lib\libctru.a(fs.o)
                0x0010c6e8                FSFILE_Write
 .text.FSFILE_GetSize
                0x0010c748       0x38 C:/devkitPro/libctru/lib\libctru.a(fs.o)
                0x0010c748                FSFILE_GetSize
 .text.FSFILE_SetSize
                0x0010c780       0x28 C:/devkitPro/libctru/lib\libctru.a(fs.o)
                0x0010c780                FSFILE_SetSize
 .text.FSFILE_Close
                0x0010c7a8       0x3c C:/devkitPro/libctru/lib\libctru.a(fs.o)
                0x0010c7a8                FSFILE_Close
 .text.FSFILE_Flush
                0x0010c7e4       0x24 C:/devkitPro/libctru/lib\libctru.a(fs.o)
                0x0010c7e4                FSFILE_Flush
 .text.FSDIR_Read
                0x0010c808       0x50 C:/devkitPro/libctru/lib\libctru.a(fs.o)
                0x0010c808                FSDIR_Read
 .text.FSDIR_Close
                0x0010c858       0x3c C:/devkitPro/libctru/lib\libctru.a(fs.o)
                0x0010c858                FSDIR_Close
 .text.gspHardwareInit
                0x0010c894      0xc64 C:/devkitPro/libctru/lib\libctru.a(gspgpu.o)
 .text.gspInit  0x0010d4f8      0x248 C:/devkitPro/libctru/lib\libctru.a(gspgpu.o)
                0x0010d4f8                gspInit
 .text.gspExit  0x0010d740       0xf0 C:/devkitPro/libctru/lib\libctru.a(gspgpu.o)
                0x0010d740                gspExit
 .text.gspHasGpuRight
                0x0010d830       0x10 C:/devkitPro/libctru/lib\libctru.a(gspgpu.o)
                0x0010d830                gspHasGpuRight
 .text.gspPresentBuffer
                0x0010d840       0xa0 C:/devkitPro/libctru/lib\libctru.a(gspgpu.o)
                0x0010d840                gspPresentBuffer
 .text.gspSetEventCallback
                0x0010d8e0       0x30 C:/devkitPro/libctru/lib\libctru.a(gspgpu.o)
                0x0010d8e0                gspSetEventCallback
 .text.gspWaitForEvent
                0x0010d910       0x44 C:/devkitPro/libctru/lib\libctru.a(gspgpu.o)
                0x0010d910                gspWaitForEvent
 .text.gspWaitForAnyEvent
                0x0010d954       0x4c C:/devkitPro/libctru/lib\libctru.a(gspgpu.o)
                0x0010d954                gspWaitForAnyEvent
 .text.gspEventThreadMain
                0x0010d9a0      0x158 C:/devkitPro/libctru/lib\libctru.a(gspgpu.o)
 .text.gspSubmitGxCommand
                0x0010daf8      0x130 C:/devkitPro/libctru/lib\libctru.a(gspgpu.o)
                0x0010daf8                gspSubmitGxCommand
 .text.GSPGPU_FlushDataCache
                0x0010dc28       0x50 C:/devkitPro/libctru/lib\libctru.a(gspgpu.o)
                0x0010dc28                GSPGPU_FlushDataCache
 .text.GSPGPU_SetLcdForceBlack
                0x0010dc78       0x34 C:/devkitPro/libctru/lib\libctru.a(gspgpu.o)
                0x0010dc78                GSPGPU_SetLcdForceBlack
 .text.GSPGPU_AcquireRight
                0x0010dcac       0x68 C:/devkitPro/libctru/lib\libctru.a(gspgpu.o)
                0x0010dcac                GSPGPU_AcquireRight
 .text.GSPGPU_ReleaseRight
                0x0010dd14       0x48 C:/devkitPro/libctru/lib\libctru.a(gspgpu.o)
                0x0010dd14                GSPGPU_ReleaseRight
 .text.GSPGPU_ImportDisplayCaptureInfo
                0x0010dd5c       0x7c C:/devkitPro/libctru/lib\libctru.a(gspgpu.o)
                0x0010dd5c                GSPGPU_ImportDisplayCaptureInfo
 .text.GSPGPU_SaveVramSysArea
                0x0010ddd8       0x2c C:/devkitPro/libctru/lib\libctru.a(gspgpu.o)
                0x0010ddd8                GSPGPU_SaveVramSysArea
 .text.GSPGPU_RestoreVramSysArea
                0x0010de04       0x2c C:/devkitPro/libctru/lib\libctru.a(gspgpu.o)
                0x0010de04                GSPGPU_RestoreVramSysArea
 .text.hidShouldUseIrrst
                0x0010de30       0x24 C:/devkitPro/libctru/lib\libctru.a(hid.o)
                0x0010de30                hidShouldUseIrrst
 .text.hidInit  0x0010de54      0x18c C:/devkitPro/libctru/lib\libctru.a(hid.o)
                0x0010de54                hidInit
 .text.hidExit  0x0010dfe0       0xe8 C:/devkitPro/libctru/lib\libctru.a(hid.o)
                0x0010dfe0                hidExit
 .text.hidScanInput
                0x0010e0c8      0x2a4 C:/devkitPro/libctru/lib\libctru.a(hid.o)
                0x0010e0c8                hidScanInput
 .text.hidKeysDown
                0x0010e36c       0x10 C:/devkitPro/libctru/lib\libctru.a(hid.o)
                0x0010e36c                hidKeysDown
 .text.irrstInit
                0x0010e37c      0x160 C:/devkitPro/libctru/lib\libctru.a(irrst.o)
                0x0010e37c                irrstInit
 .text.irrstExit
                0x0010e4dc       0xcc C:/devkitPro/libctru/lib\libctru.a(irrst.o)
                0x0010e4dc                irrstExit
 .text.irrstScanInput
                0x0010e5a8       0xb4 C:/devkitPro/libctru/lib\libctru.a(irrst.o)
                0x0010e5a8                irrstScanInput
 .text.irrstKeysHeld
                0x0010e65c       0x24 C:/devkitPro/libctru/lib\libctru.a(irrst.o)
                0x0010e65c                irrstKeysHeld
 .text.ptmSysmInit
                0x0010e680       0x74 C:/devkitPro/libctru/lib\libctru.a(ptmsysm.o)
                0x0010e680                ptmSysmInit
 .text.ptmSysmExit
                0x0010e6f4       0x3c C:/devkitPro/libctru/lib\libctru.a(ptmsysm.o)
                0x0010e6f4                ptmSysmExit
 .text.PTMSYSM_ConfigureNew3DSCPU
                0x0010e730       0x34 C:/devkitPro/libctru/lib\libctru.a(ptmsysm.o)
                0x0010e730                PTMSYSM_ConfigureNew3DSCPU
 .text.buffer_read
                0x0010e764       0xc4 C:/devkitPro/libctru/lib\libctru.a(decompress.o)
 .text.iov_read
                0x0010e828       0xcc C:/devkitPro/libctru/lib\libctru.a(decompress.o)
 .text.iov_memmove
                0x0010e8f4      0x148 C:/devkitPro/libctru/lib\libctru.a(decompress.o)
 .text.decompress_rle
                0x0010ea3c      0x1dc C:/devkitPro/libctru/lib\libctru.a(decompress.o)
 .text.decompress_lzss
                0x0010ec18      0x244 C:/devkitPro/libctru/lib\libctru.a(decompress.o)
 .text.decompress_lz11
                0x0010ee5c      0x428 C:/devkitPro/libctru/lib\libctru.a(decompress.o)
 .text.decompress_huff
                0x0010f284      0x2d4 C:/devkitPro/libctru/lib\libctru.a(decompress.o)
 .text.decompressCallback_Stdio
                0x0010f558       0x10 C:/devkitPro/libctru/lib\libctru.a(decompress.o)
                0x0010f558                decompressCallback_Stdio
 .text.decompressHeader
                0x0010f568       0xdc C:/devkitPro/libctru/lib\libctru.a(decompress.o)
                0x0010f568                decompressHeader
 .text.decompressV
                0x0010f644      0x240 C:/devkitPro/libctru/lib\libctru.a(decompress.o)
                0x0010f644                decompressV
 .text.rbtree_find
                0x0010f884       0x74 C:/devkitPro/libctru/lib\libctru.a(rbtree_find.o)
                0x0010f884                rbtree_find
 .text.rbtree_init
                0x0010f8f8       0x10 C:/devkitPro/libctru/lib\libctru.a(rbtree_init.o)
                0x0010f8f8                rbtree_init
 .text.do_insert
                0x0010f908      0x1b0 C:/devkitPro/libctru/lib\libctru.a(rbtree_insert.o)
 .text.rbtree_insert
                0x0010fab8        0x8 C:/devkitPro/libctru/lib\libctru.a(rbtree_insert.o)
                0x0010fab8                rbtree_insert
 .text.rbtree_remove
                0x0010fac0      0x318 C:/devkitPro/libctru/lib\libctru.a(rbtree_remove.o)
                0x0010fac0                rbtree_remove
 .text.rbtree_rotate
                0x0010fdd8       0x90 C:/devkitPro/libctru/lib\libctru.a(rbtree_rotate.o)
                0x0010fdd8                rbtree_rotate
 .text.utf16_to_utf8
                0x0010fe68       0xe8 C:/devkitPro/libctru/lib\libctru.a(utf16_to_utf8.o)
                0x0010fe68                utf16_to_utf8
 .text.utf8_to_utf16
                0x0010ff50       0xc0 C:/devkitPro/libctru/lib\libctru.a(utf8_to_utf16.o)
                0x0010ff50                utf8_to_utf16
 .text.__system_allocateHeaps
                0x00110010      0x1e0 C:/devkitPro/libctru/lib\libctru.a(allocateHeaps.o)
                0x00110010                __system_allocateHeaps
 .text.__libctru_init
                0x001101f0       0x38 C:/devkitPro/libctru/lib\libctru.a(ctru_init.o)
                0x001101f0                __libctru_init
 .text.__system_initArgv
                0x00110228      0x170 C:/devkitPro/libctru/lib\libctru.a(initArgv.o)
                0x00110228                __system_initArgv
 .text.__syscall_getreent
                0x00110398       0x30 C:/devkitPro/libctru/lib\libctru.a(syscalls.o)
                0x00110398                __syscall_getreent
 .text.__syscall_gettod_r
                0x001103c8       0x64 C:/devkitPro/libctru/lib\libctru.a(syscalls.o)
                0x001103c8                __syscall_gettod_r
 .text.__syscall_lock_acquire
                0x0011042c        0x4 C:/devkitPro/libctru/lib\libctru.a(syscalls.o)
                0x0011042c                __syscall_lock_acquire
 .text.__syscall_lock_release
                0x00110430        0x4 C:/devkitPro/libctru/lib\libctru.a(syscalls.o)
                0x00110430                __syscall_lock_release
 .text.__syscall_lock_acquire_recursive
                0x00110434        0x4 C:/devkitPro/libctru/lib\libctru.a(syscalls.o)
                0x00110434                __syscall_lock_acquire_recursive
 .text.__syscall_lock_release_recursive
                0x00110438        0x4 C:/devkitPro/libctru/lib\libctru.a(syscalls.o)
                0x00110438                __syscall_lock_release_recursive
 .text.__syscall_exit
                0x0011043c        0x4 C:/devkitPro/libctru/lib\libctru.a(syscalls.o)
                0x0011043c                __syscall_exit
 .text.initThreadVars
                0x00110440       0x50 C:/devkitPro/libctru/lib\libctru.a(syscalls.o)
                0x00110440                initThreadVars
 .text.__system_initSyscalls
                0x00110490       0x80 C:/devkitPro/libctru/lib\libctru.a(syscalls.o)
                0x00110490                __system_initSyscalls
 .text.svcControlMemory
                0x00110510       0x20 C:/devkitPro/libctru/lib\libctru.a(svc.o)
                0x00110510                svcControlMemory
 .text.svcQueryMemory
                0x00110530       0x30 C:/devkitPro/libctru/lib\libctru.a(svc.o)
                0x00110530                svcQueryMemory
 .text.svcExitProcess
                0x00110560        0x8 C:/devkitPro/libctru/lib\libctru.a(svc.o)
                0x00110560                svcExitProcess
 .text.svcCreateThread
                0x00110568       0x20 C:/devkitPro/libctru/lib\libctru.a(svc.o)
                0x00110568                svcCreateThread
 .text.svcExitThread
                0x00110588        0x8 C:/devkitPro/libctru/lib\libctru.a(svc.o)
                0x00110588                svcExitThread
 .text.svcSleepThread
                0x00110590        0x8 C:/devkitPro/libctru/lib\libctru.a(svc.o)
                0x00110590                svcSleepThread
 .text.svcReleaseMutex
                0x00110598        0x8 C:/devkitPro/libctru/lib\libctru.a(svc.o)
                0x00110598                svcReleaseMutex
 .text.svcCreateEvent
                0x001105a0       0x14 C:/devkitPro/libctru/lib\libctru.a(svc.o)
                0x001105a0                svcCreateEvent
 .text.svcSignalEvent
                0x001105b4        0x8 C:/devkitPro/libctru/lib\libctru.a(svc.o)
                0x001105b4                svcSignalEvent
 .text.svcClearEvent
                0x001105bc        0x8 C:/devkitPro/libctru/lib\libctru.a(svc.o)
                0x001105bc                svcClearEvent
 .text.svcMapMemoryBlock
                0x001105c4        0x8 C:/devkitPro/libctru/lib\libctru.a(svc.o)
                0x001105c4                svcMapMemoryBlock
 .text.svcUnmapMemoryBlock
                0x001105cc        0x8 C:/devkitPro/libctru/lib\libctru.a(svc.o)
                0x001105cc                svcUnmapMemoryBlock
 .text.svcCreateAddressArbiter
                0x001105d4       0x14 C:/devkitPro/libctru/lib\libctru.a(svc.o)
                0x001105d4                svcCreateAddressArbiter
 .text.svcArbitrateAddressNoTimeout
                0x001105e8        0x8 C:/devkitPro/libctru/lib\libctru.a(svc.o)
                0x001105e8                svcArbitrateAddressNoTimeout
 .text.svcCloseHandle
                0x001105f0        0x8 C:/devkitPro/libctru/lib\libctru.a(svc.o)
                0x001105f0                svcCloseHandle
 .text.svcWaitSynchronization
                0x001105f8        0x8 C:/devkitPro/libctru/lib\libctru.a(svc.o)
                0x001105f8                svcWaitSynchronization
 .text.svcWaitSynchronizationN
                0x00110600       0x28 C:/devkitPro/libctru/lib\libctru.a(svc.o)
                0x00110600                svcWaitSynchronizationN
 .text.svcDuplicateHandle
                0x00110628       0x14 C:/devkitPro/libctru/lib\libctru.a(svc.o)
                0x00110628                svcDuplicateHandle
 .text.svcGetSystemTick
                0x0011063c        0x8 C:/devkitPro/libctru/lib\libctru.a(svc.o)
                0x0011063c                svcGetSystemTick
 .text.svcConnectToPort
                0x00110644       0x14 C:/devkitPro/libctru/lib\libctru.a(svc.o)
                0x00110644                svcConnectToPort
 .text.svcSendSyncRequest
                0x00110658        0x8 C:/devkitPro/libctru/lib\libctru.a(svc.o)
                0x00110658                svcSendSyncRequest
 .text.svcGetResourceLimit
                0x00110660       0x14 C:/devkitPro/libctru/lib\libctru.a(svc.o)
                0x00110660                svcGetResourceLimit
 .text.svcGetResourceLimitLimitValues
                0x00110674        0x8 C:/devkitPro/libctru/lib\libctru.a(svc.o)
                0x00110674                svcGetResourceLimitLimitValues
 .text.svcGetResourceLimitCurrentValues
                0x0011067c        0x8 C:/devkitPro/libctru/lib\libctru.a(svc.o)
                0x0011067c                svcGetResourceLimitCurrentValues
 .text.svcBreak
                0x00110684        0x8 C:/devkitPro/libctru/lib\libctru.a(svc.o)
                0x00110684                svcBreak
 .text.__aeabi_read_tp
                0x0011068c        0xc C:/devkitPro/libctru/lib\libctru.a(readtp.o)
                0x0011068c                __aeabi_read_tp
 .text.initSystem
                0x00110698       0x50 C:/devkitPro/libctru/lib\libctru.a(stack_adjust.o)
                0x00110698                initSystem
 .text.__ctru_exit
                0x001106e8       0x14 C:/devkitPro/libctru/lib\libctru.a(stack_adjust.o)
                0x001106e8                __ctru_exit
 .text.envGetHandle
                0x001106fc       0x84 C:/devkitPro/libctru/lib\libctru.a(env.o)
                0x001106fc                envGetHandle
 .text.envDestroyHandles
                0x00110780       0x50 C:/devkitPro/libctru/lib\libctru.a(env.o)
                0x00110780                envDestroyHandles
 .text.srvInit  0x001107d0      0x12c C:/devkitPro/libctru/lib\libctru.a(srv.o)
                0x001107d0                srvInit
 .text.srvExit  0x001108fc       0x58 C:/devkitPro/libctru/lib\libctru.a(srv.o)
                0x001108fc                srvExit
 .text.srvEnableNotification
                0x00110954       0x60 C:/devkitPro/libctru/lib\libctru.a(srv.o)
                0x00110954                srvEnableNotification
 .text.srvGetServiceHandleDirect
                0x001109b4       0xa0 C:/devkitPro/libctru/lib\libctru.a(srv.o)
                0x001109b4                srvGetServiceHandleDirect
 .text.srvGetServiceHandle
                0x00110a54       0x38 C:/devkitPro/libctru/lib\libctru.a(srv.o)
                0x00110a54                srvGetServiceHandle
 .text.srvSubscribe
                0x00110a8c       0x34 C:/devkitPro/libctru/lib\libctru.a(srv.o)
                0x00110a8c                srvSubscribe
 .text.srvReceiveNotification
                0x00110ac0       0x60 C:/devkitPro/libctru/lib\libctru.a(srv.o)
                0x00110ac0                srvReceiveNotification
 .text.srvPublishToSubscriber
                0x00110b20       0x38 C:/devkitPro/libctru/lib\libctru.a(srv.o)
                0x00110b20                srvPublishToSubscriber
 .text.__sync_init
                0x00110b58        0xc C:/devkitPro/libctru/lib\libctru.a(synchronization.o)
                0x00110b58                __sync_init
 .text.__sync_fini
                0x00110b64       0x18 C:/devkitPro/libctru/lib\libctru.a(synchronization.o)
                0x00110b64                __sync_fini
 .text.syncArbitrateAddress
                0x00110b7c       0x2c C:/devkitPro/libctru/lib\libctru.a(synchronization.o)
                0x00110b7c                syncArbitrateAddress
 .text.LightLock_Lock
                0x00110ba8       0xac C:/devkitPro/libctru/lib\libctru.a(synchronization.o)
                0x00110ba8                LightLock_Lock
 .text.LightLock_Unlock
                0x00110c54       0x40 C:/devkitPro/libctru/lib\libctru.a(synchronization.o)
                0x00110c54                LightLock_Unlock
 .text.RecursiveLock_Lock
                0x00110c94       0x30 C:/devkitPro/libctru/lib\libctru.a(synchronization.o)
                0x00110c94                RecursiveLock_Lock
 .text.RecursiveLock_Unlock
                0x00110cc4       0x54 C:/devkitPro/libctru/lib\libctru.a(synchronization.o)
                0x00110cc4                RecursiveLock_Unlock
 .text.LightEvent_Init
                0x00110d18       0x40 C:/devkitPro/libctru/lib\libctru.a(synchronization.o)
                0x00110d18                LightEvent_Init
 .text.LightEvent_Clear
                0x00110d58       0xa4 C:/devkitPro/libctru/lib\libctru.a(synchronization.o)
                0x00110d58                LightEvent_Clear
 .text.LightEvent_Signal
                0x00110dfc       0xc8 C:/devkitPro/libctru/lib\libctru.a(synchronization.o)
                0x00110dfc                LightEvent_Signal
 .text.LightEvent_TryWait
                0x00110ec4       0x50 C:/devkitPro/libctru/lib\libctru.a(synchronization.o)
                0x00110ec4                LightEvent_TryWait
 .text.LightEvent_Wait
                0x00110f14       0xa0 C:/devkitPro/libctru/lib\libctru.a(synchronization.o)
                0x00110f14                LightEvent_Wait
 .text.threadCreate
                0x00110fb4      0x1d8 C:/devkitPro/libctru/lib\libctru.a(thread.o)
                0x00110fb4                threadCreate
 .text.threadFree
                0x0011118c       0x2c C:/devkitPro/libctru/lib\libctru.a(thread.o)
                0x0011118c                threadFree
 .text.threadJoin
                0x001111b8       0x24 C:/devkitPro/libctru/lib\libctru.a(thread.o)
                0x001111b8                threadJoin
 .text.threadGetCurrent
                0x001111dc       0x30 C:/devkitPro/libctru/lib\libctru.a(thread.o)
                0x001111dc                threadGetCurrent
 .text.threadExit
                0x0011120c       0x40 C:/devkitPro/libctru/lib\libctru.a(thread.o)
                0x0011120c                threadExit
 .text._thread_begin
                0x0011124c       0x20 C:/devkitPro/libctru/lib\libctru.a(thread.o)
 .text.mappableFindAddressWithin
                0x0011126c       0xb4 C:/devkitPro/libctru/lib\libctru.a(mappable.o)
 .text.mappableInit
                0x00111320       0x28 C:/devkitPro/libctru/lib\libctru.a(mappable.o)
                0x00111320                mappableInit
 .text.mappableAlloc
                0x00111348       0x80 C:/devkitPro/libctru/lib\libctru.a(mappable.o)
                0x00111348                mappableAlloc
 .text.mappableFree
                0x001113c8        0x4 C:/devkitPro/libctru/lib\libctru.a(mappable.o)
                0x001113c8                mappableFree
 .text.srvPmGetSessionHandle
                0x001113cc        0xc C:/devkitPro/libctru/lib\libctru.a(srvpm.o)
                0x001113cc                srvPmGetSessionHandle
 .text.rbtree_node_next
                0x001113d8       0x5c C:/devkitPro/libctru/lib\libctru.a(rbtree_iterator.o)
                0x001113d8                rbtree_node_next
 .text.decode_utf16
                0x00111434       0x64 C:/devkitPro/libctru/lib\libctru.a(decode_utf16.o)
                0x00111434                decode_utf16
 .text.decode_utf8
                0x00111498      0x13c C:/devkitPro/libctru/lib\libctru.a(decode_utf8.o)
                0x00111498                decode_utf8
 .text.encode_utf16
                0x001115d4       0x54 C:/devkitPro/libctru/lib\libctru.a(encode_utf16.o)
                0x001115d4                encode_utf16
 .text.encode_utf8
                0x00111628       0xe0 C:/devkitPro/libctru/lib\libctru.a(encode_utf8.o)
                0x00111628                encode_utf8
 .text.__appExit
                0x00111708       0x30 C:/devkitPro/libctru/lib\libctru.a(appExit.o)
                0x00111708                __appExit
 .text.__appInit
                0x00111738       0x30 C:/devkitPro/libctru/lib\libctru.a(appInit.o)
                0x00111738                __appInit
 .text.__libctru_exit
                0x00111768       0x90 C:/devkitPro/libctru/lib\libctru.a(ctru_exit.o)
                0x00111768                __libctru_exit
 .text.archive_link
                0x001117f8       0x14 C:/devkitPro/libctru/lib\libctru.a(archive_dev.o)
 .text.archive_dirreset
                0x0011180c       0x14 C:/devkitPro/libctru/lib\libctru.a(archive_dev.o)
 .text.archive_chmod
                0x00111820       0x14 C:/devkitPro/libctru/lib\libctru.a(archive_dev.o)
 .text.error_cmp
                0x00111834       0x24 C:/devkitPro/libctru/lib\libctru.a(archive_dev.o)
 .text.archive_translate_error
                0x00111858       0x50 C:/devkitPro/libctru/lib\libctru.a(archive_dev.o)
 .text.archive_seek
                0x001118a8       0xc8 C:/devkitPro/libctru/lib\libctru.a(archive_dev.o)
 .text._archiveInit.part.0
                0x00111970       0x7c C:/devkitPro/libctru/lib\libctru.a(archive_dev.o)
 .text.archiveFindDevice.part.0
                0x001119ec       0xc4 C:/devkitPro/libctru/lib\libctru.a(archive_dev.o)
 .text.archive_utf16path
                0x00111ab0      0x280 C:/devkitPro/libctru/lib\libctru.a(archive_dev.o)
 .text._archiveUnmountDeviceStruct.part.0
                0x00111d30       0x9c C:/devkitPro/libctru/lib\libctru.a(archive_dev.o)
 .text.archive_fchmod
                0x00111dcc       0x14 C:/devkitPro/libctru/lib\libctru.a(archive_dev.o)
 .text.archive_statvfs
                0x00111de0       0x14 C:/devkitPro/libctru/lib\libctru.a(archive_dev.o)
 .text._archiveMountDevice
                0x00111df4      0x164 C:/devkitPro/libctru/lib\libctru.a(archive_dev.o)
 .text.archive_diropen
                0x00111f58       0xe8 C:/devkitPro/libctru/lib\libctru.a(archive_dev.o)
 .text.archive_fstat
                0x00112040       0xa4 C:/devkitPro/libctru/lib\libctru.a(archive_dev.o)
 .text.archive_fsync
                0x001120e4       0x6c C:/devkitPro/libctru/lib\libctru.a(archive_dev.o)
 .text.archive_close
                0x00112150       0x6c C:/devkitPro/libctru/lib\libctru.a(archive_dev.o)
 .text.archive_dirclose
                0x001121bc       0x70 C:/devkitPro/libctru/lib\libctru.a(archive_dev.o)
 .text.sdmc_statvfs
                0x0011222c       0xe8 C:/devkitPro/libctru/lib\libctru.a(archive_dev.o)
 .text.archive_chdir
                0x00112314       0xec C:/devkitPro/libctru/lib\libctru.a(archive_dev.o)
 .text.archive_ftruncate
                0x00112400       0x7c C:/devkitPro/libctru/lib\libctru.a(archive_dev.o)
 .text.archive_read
                0x0011247c       0xac C:/devkitPro/libctru/lib\libctru.a(archive_dev.o)
 .text.archive_unlink
                0x00112528       0xa4 C:/devkitPro/libctru/lib\libctru.a(archive_dev.o)
 .text.archive_rmdir
                0x001125cc       0xbc C:/devkitPro/libctru/lib\libctru.a(archive_dev.o)
 .text.archive_mkdir
                0x00112688       0xdc C:/devkitPro/libctru/lib\libctru.a(archive_dev.o)
 .text.archive_stat
                0x00112764      0x194 C:/devkitPro/libctru/lib\libctru.a(archive_dev.o)
 .text.archive_dirnext
                0x001128f8      0x160 C:/devkitPro/libctru/lib\libctru.a(archive_dev.o)
 .text.archive_write
                0x00112a58      0x124 C:/devkitPro/libctru/lib\libctru.a(archive_dev.o)
 .text.archive_open
                0x00112b7c      0x20c C:/devkitPro/libctru/lib\libctru.a(archive_dev.o)
 .text.archive_rename
                0x00112d88      0x278 C:/devkitPro/libctru/lib\libctru.a(archive_dev.o)
 .text.archiveMountSdmc
                0x00113000      0x19c C:/devkitPro/libctru/lib\libctru.a(archive_dev.o)
                0x00113000                archiveMountSdmc
 .text.archiveUnmountAll
                0x0011319c       0x54 C:/devkitPro/libctru/lib\libctru.a(archive_dev.o)
                0x0011319c                archiveUnmountAll
 .text.sinf     0x001131f0      0x25c C:/devkitPro/devkitARM/bin/../lib/gcc/arm-none-eabi/14.1.0/../../../../arm-none-eabi/lib/armv6k/fpu\libm.a(libm_a-sinf.o)
                0x001131f0                sinf
 .text.with_errnof
                0x0011344c       0x24 C:/devkitPro/devkitARM/bin/../lib/gcc/arm-none-eabi/14.1.0/../../../../arm-none-eabi/lib/armv6k/fpu\libm.a(libm_a-math_errf.o)
 .text.__math_invalidf
                0x00113470       0x1c C:/devkitPro/devkitARM/bin/../lib/gcc/arm-none-eabi/14.1.0/../../../../arm-none-eabi/lib/armv6k/fpu\libm.a(libm_a-math_errf.o)
                0x00113470                __math_invalidf
 *fill*         0x0011348c        0x4 
 .text.cosf     0x00113490      0x21c C:/devkitPro/devkitARM/bin/../lib/gcc/arm-none-eabi/14.1.0/../../../../arm-none-eabi/lib/armv6k/fpu\libm.a(libm_a-cosf.o)
                0x00113490                cosf
 .text.__udivmoddi4
                0x001136ac      0x120 C:/devkitPro/devkitARM/bin/../lib/gcc/arm-none-eabi/14.1.0/armv6k/fpu\libgcc.a(_udivmoddi4.o)
                0x001136ac                __udivmoddi4
 .text.strncmp  0x001137cc       0xd8 C:/devkitPro/devkitARM/bin/../lib/gcc/arm-none-eabi/14.1.0/../../../../arm-none-eabi/lib/armv6k/fpu\libg.a(libc_a-strncmp.o)
                0x001137cc                strncmp
 .text.strchr   0x001138a4      0x130 C:/devkitPro/devkitARM/bin/../lib/gcc/arm-none-eabi/14.1.0/../../../../arm-none-eabi/lib/armv6k/fpu\libg.a(libc_a-strchr.o)
                0x001138a4                strchr
 .text.strlen   0x001139d4       0x5c C:/devkitPro/devkitARM/bin/../lib/gcc/arm-none-eabi/14.1.0/../../../../arm-none-eabi/lib/armv6k/fpu\libg.a(libc_a-strlen-stub.o)
                0x001139d4                strlen
 .text.memcmp   0x00113a30       0xd4 C:/devkitPro/devkitARM/bin/../lib/gcc/arm-none-eabi/14.1.0/../../../../arm-none-eabi/lib/armv6k/fpu\libg.a(libc_a-memcmp.o)
                0x00113a30                memcmp
 .text._strtoul_l.isra.0
                0x00113b04      0x1e4 C:/devkitPro/devkitARM/bin/../lib/gcc/arm-none-eabi/14.1.0/../../../../arm-none-eabi/lib/armv6k/fpu\libg.a(libc_a-strtoul.o)
 .text.strtoul  0x00113ce8       0x34 C:/devkitPro/devkitARM/bin/../lib/gcc/arm-none-eabi/14.1.0/../../../../arm-none-eabi/lib/armv6k/fpu\libg.a(libc_a-strtoul.o)
                0x00113ce8                strtoul
 .text.strncat  0x00113d1c       0xe4 C:/devkitPro/devkitARM/bin/../lib/gcc/arm-none-eabi/14.1.0/../../../../arm-none-eabi/lib/armv6k/fpu\libg.a(libc_a-strncat.o)
                0x00113d1c                strncat
 .text.bsearch  0x00113e00       0x78 C:/devkitPro/devkitARM/bin/../lib/gcc/arm-none-eabi/14.1.0/../../../../arm-none-eabi/lib/armv6k/fpu\libg.a(libc_a-bsearch.o)
                0x00113e00                bsearch
 .text._fread_r
                0x00113e78      0x344 C:/devkitPro/devkitARM/bin/../lib/gcc/arm-none-eabi/14.1.0/../../../../arm-none-eabi/lib/armv6k/fpu\libg.a(libc_a-fread.o)
                0x00113e78                _fread_r
 .text.fread    0x001141bc       0x38 C:/devkitPro/devkitARM/bin/../lib/gcc/arm-none-eabi/14.1.0/../../../../arm-none-eabi/lib/armv6k/fpu\libg.a(libc_a-fread.o)
                0x001141bc                fread
 .text.calloc   0x001141f4       0x20 C:/devkitPro/devkitARM/bin/../lib/gcc/arm-none-eabi/14.1.0/../../../../arm-none-eabi/lib/armv6k/fpu\libg.a(libc_a-calloc.o)
                0x001141f4                calloc
 .text.lflush   0x00114214       0x38 C:/devkitPro/devkitARM/bin/../lib/gcc/arm-none-eabi/14.1.0/../../../../arm-none-eabi/lib/armv6k/fpu\libg.a(libc_a-refill.o)
 .text.__srefill_r
                0x0011424c      0x19c C:/devkitPro/devkitARM/bin/../lib/gcc/arm-none-eabi/14.1.0/../../../../arm-none-eabi/lib/armv6k/fpu\libg.a(libc_a-refill.o)
                0x0011424c                __srefill_r
 .text._fclose_r
                0x001143e8      0x148 C:/devkitPro/devkitARM/bin/../lib/gcc/arm-none-eabi/14.1.0/../../../../arm-none-eabi/lib/armv6k/fpu\libg.a(libc_a-fclose.o)
                0x001143e8                _fclose_r
 .text.fclose   0x00114530       0x18 C:/devkitPro/devkitARM/bin/../lib/gcc/arm-none-eabi/14.1.0/../../../../arm-none-eabi/lib/armv6k/fpu\libg.a(libc_a-fclose.o)
                0x00114530                fclose
 .text._calloc_r
                0x00114548       0xc0 C:/devkitPro/devkitARM/bin/../lib/gcc/arm-none-eabi/14.1.0/../../../../arm-none-eabi/lib/armv6k/fpu\libg.a(libc_a-callocr.o)
                0x00114548                _calloc_r
 .text.__smakebuf_r
                0x00114608      0x144 C:/devkitPro/devkitARM/bin/../lib/gcc/arm-none-eabi/14.1.0/../../../../arm-none-eabi/lib/armv6k/fpu\libg.a(libc_a-makebuf.o)
                0x00114608                __smakebuf_r
 .text.__swhatbuf_r
                0x0011474c       0x8c C:/devkitPro/devkitARM/bin/../lib/gcc/arm-none-eabi/14.1.0/../../../../arm-none-eabi/lib/armv6k/fpu\libg.a(libc_a-makebuf.o)
                0x0011474c                __swhatbuf_r
 .text.memalign
                0x001147d8       0x20 C:/devkitPro/devkitARM/bin/../lib/gcc/arm-none-eabi/14.1.0/../../../../arm-none-eabi/lib/armv6k/fpu\libg.a(libc_a-malign.o)
                0x001147d8                memalign
 .text.stdio_exit_handler
                0x001147f8       0x1c C:/devkitPro/devkitARM/bin/../lib/gcc/arm-none-eabi/14.1.0/../../../../arm-none-eabi/lib/armv6k/fpu\libg.a(libc_a-findfp.o)
 .text.cleanup_stdio
                0x00114814       0x5c C:/devkitPro/devkitARM/bin/../lib/gcc/arm-none-eabi/14.1.0/../../../../arm-none-eabi/lib/armv6k/fpu\libg.a(libc_a-findfp.o)
 .text.global_stdio_init.part.0
                0x00114870      0x154 C:/devkitPro/devkitARM/bin/../lib/gcc/arm-none-eabi/14.1.0/../../../../arm-none-eabi/lib/armv6k/fpu\libg.a(libc_a-findfp.o)
 .text.__sfp    0x001149c4      0x134 C:/devkitPro/devkitARM/bin/../lib/gcc/arm-none-eabi/14.1.0/../../../../arm-none-eabi/lib/armv6k/fpu\libg.a(libc_a-findfp.o)
                0x001149c4                __sfp
 .text.__sinit  0x00114af8       0x5c C:/devkitPro/devkitARM/bin/../lib/gcc/arm-none-eabi/14.1.0/../../../../arm-none-eabi/lib/armv6k/fpu\libg.a(libc_a-findfp.o)
                0x00114af8                __sinit
 .text.__sfp_lock_acquire
                0x00114b54        0xc C:/devkitPro/devkitARM/bin/../lib/gcc/arm-none-eabi/14.1.0/../../../../arm-none-eabi/lib/armv6k/fpu\libg.a(libc_a-findfp.o)
                0x00114b54                __sfp_lock_acquire
 .text.__sfp_lock_release
                0x00114b60        0xc C:/devkitPro/devkitARM/bin/../lib/gcc/arm-none-eabi/14.1.0/../../../../arm-none-eabi/lib/armv6k/fpu\libg.a(libc_a-findfp.o)
                0x00114b60                __sfp_lock_release
 .text._malloc_r
                0x00114b6c      0x7e8 C:/devkitPro/devkitARM/bin/../lib/gcc/arm-none-eabi/14.1.0/../../../../arm-none-eabi/lib/armv6k/fpu\libg.a(libc_a-mallocr.o)
                0x00114b6c                _malloc_r
 .text._malloc_trim_r
                0x00115354       0xf8 C:/devkitPro/devkitARM/bin/../lib/gcc/arm-none-eabi/14.1.0/../../../../arm-none-eabi/lib/armv6k/fpu\libg.a(libc_a-freer.o)
                0x00115354                _malloc_trim_r
 .text._free_r  0x0011544c      0x300 C:/devkitPro/devkitARM/bin/../lib/gcc/arm-none-eabi/14.1.0/../../../../arm-none-eabi/lib/armv6k/fpu\libg.a(libc_a-freer.o)
                0x0011544c                _free_r
 .text.setvbuf  0x0011574c      0x294 C:/devkitPro/devkitARM/bin/../lib/gcc/arm-none-eabi/14.1.0/../../../../arm-none-eabi/lib/armv6k/fpu\libg.a(libc_a-setvbuf.o)
                0x0011574c                setvbuf
 .text.strnlen  0x001159e0       0x4c C:/devkitPro/devkitARM/bin/../lib/gcc/arm-none-eabi/14.1.0/../../../../arm-none-eabi/lib/armv6k/fpu\libg.a(libc_a-strnlen.o)
                0x001159e0                strnlen
 .text.__errno  0x00115a2c        0xc C:/devkitPro/devkitARM/bin/../lib/gcc/arm-none-eabi/14.1.0/../../../../arm-none-eabi/lib/armv6k/fpu\libg.a(libc_a-errno.o)
                0x00115a2c                __errno
 .text.malloc   0x00115a38       0x34 C:/devkitPro/devkitARM/bin/../lib/gcc/arm-none-eabi/14.1.0/../../../../arm-none-eabi/lib/armv6k/fpu\libg.a(libc_a-malloc.o)
                0x00115a38                malloc
 .text.free     0x00115a6c       0x18 C:/devkitPro/devkitARM/bin/../lib/gcc/arm-none-eabi/14.1.0/../../../../arm-none-eabi/lib/armv6k/fpu\libg.a(libc_a-malloc.o)
                0x00115a6c                free
 .text.memcpy   0x00115a84      0x130 C:/devkitPro/devkitARM/bin/../lib/gcc/arm-none-eabi/14.1.0/../../../../arm-none-eabi/lib/armv6k/fpu\libg.a(libc_a-memcpy-stub.o)
                0x00115a84                memcpy
 .text._fopen_r
                0x00115bb4      0x134 C:/devkitPro/devkitARM/bin/../lib/gcc/arm-none-eabi/14.1.0/../../../../arm-none-eabi/lib/armv6k/fpu\libg.a(libc_a-fopen.o)
                0x00115bb4                _fopen_r
 .text.fopen    0x00115ce8       0x20 C:/devkitPro/devkitARM/bin/../lib/gcc/arm-none-eabi/14.1.0/../../../../arm-none-eabi/lib/armv6k/fpu\libg.a(libc_a-fopen.o)
                0x00115ce8                fopen
 .text.time     0x00115d08       0x4c C:/devkitPro/devkitARM/bin/../lib/gcc/arm-none-eabi/14.1.0/../../../../arm-none-eabi/lib/armv6k/fpu\libg.a(libc_a-time.o)
                0x00115d08                time
 .text.memset   0x00115d54       0xe8 C:/devkitPro/devkitARM/bin/../lib/gcc/arm-none-eabi/14.1.0/../../../../arm-none-eabi/lib/armv6k/fpu\libg.a(libc_a-memset.o)
                0x00115d54                memset
 .text._fwalk_sglue
                0x00115e3c       0x70 C:/devkitPro/devkitARM/bin/../lib/gcc/arm-none-eabi/14.1.0/../../../../arm-none-eabi/lib/armv6k/fpu\libg.a(libc_a-fwalk.o)
                0x00115e3c                _fwalk_sglue
 .text.__malloc_lock
                0x00115eac        0xc C:/devkitPro/devkitARM/bin/../lib/gcc/arm-none-eabi/14.1.0/../../../../arm-none-eabi/lib/armv6k/fpu\libg.a(libc_a-mlock.o)
                0x00115eac                __malloc_lock
 .text.__malloc_unlock
                0x00115eb8        0xc C:/devkitPro/devkitARM/bin/../lib/gcc/arm-none-eabi/14.1.0/../../../../arm-none-eabi/lib/armv6k/fpu\libg.a(libc_a-mlock.o)
                0x00115eb8                __malloc_unlock
 .text.__call_exitprocs
                0x00115ec4        0x4 C:/devkitPro/devkitARM/bin/../lib/gcc/arm-none-eabi/14.1.0/../../../../arm-none-eabi/lib/armv6k/fpu\libg.a(libc_a-exit.o)
                0x00115ec4                __call_exitprocs
 .text.exit     0x00115ec8       0x30 C:/devkitPro/devkitARM/bin/../lib/gcc/arm-none-eabi/14.1.0/../../../../arm-none-eabi/lib/armv6k/fpu\libg.a(libc_a-exit.o)
                0x00115ec8                exit
 .text._fseek_r
                0x00115ef8       0x1c C:/devkitPro/devkitARM/bin/../lib/gcc/arm-none-eabi/14.1.0/../../../../arm-none-eabi/lib/armv6k/fpu\libg.a(libc_a-fseek.o)
                0x00115ef8                _fseek_r
 .text.strncpy  0x00115f14       0xc4 C:/devkitPro/devkitARM/bin/../lib/gcc/arm-none-eabi/14.1.0/../../../../arm-none-eabi/lib/armv6k/fpu\libg.a(libc_a-strncpy.o)
                0x00115f14                strncpy
 .text.__sflags
                0x00115fd8       0xb4 C:/devkitPro/devkitARM/bin/../lib/gcc/arm-none-eabi/14.1.0/../../../../arm-none-eabi/lib/armv6k/fpu\libg.a(libc_a-flags.o)
                0x00115fd8                __sflags
 .text.__libc_init_array
                0x0011608c       0x84 C:/devkitPro/devkitARM/bin/../lib/gcc/arm-none-eabi/14.1.0/../../../../arm-none-eabi/lib/armv6k/fpu\libg.a(libc_a-init.o)
                0x0011608c                __libc_init_array
 .text.__sflush_r
                0x00116110      0x228 C:/devkitPro/devkitARM/bin/../lib/gcc/arm-none-eabi/14.1.0/../../../../arm-none-eabi/lib/armv6k/fpu\libg.a(libc_a-fflush.o)
                0x00116110                __sflush_r
 .text._fflush_r
                0x00116338       0x94 C:/devkitPro/devkitARM/bin/../lib/gcc/arm-none-eabi/14.1.0/../../../../arm-none-eabi/lib/armv6k/fpu\libg.a(libc_a-fflush.o)
                0x00116338                _fflush_r
 .text._memalign_r
                0x001163cc      0x150 C:/devkitPro/devkitARM/bin/../lib/gcc/arm-none-eabi/14.1.0/../../../../arm-none-eabi/lib/armv6k/fpu\libg.a(libc_a-malignr.o)
                0x001163cc                _memalign_r
 .text.__libc_fini_array
                0x0011651c       0x3c C:/devkitPro/devkitARM/bin/../lib/gcc/arm-none-eabi/14.1.0/../../../../arm-none-eabi/lib/armv6k/fpu\libg.a(libc_a-fini.o)
                0x0011651c                __libc_fini_array
 .text._fseeko_r
                0x00116558      0x58c C:/devkitPro/devkitARM/bin/../lib/gcc/arm-none-eabi/14.1.0/../../../../arm-none-eabi/lib/armv6k/fpu\libg.a(libc_a-fseeko.o)
                0x00116558                _fseeko_r
 .text.__sread  0x00116ae4       0x44 C:/devkitPro/devkitARM/bin/../lib/gcc/arm-none-eabi/14.1.0/../../../../arm-none-eabi/lib/armv6k/fpu\libg.a(libc_a-stdio.o)
                0x00116ae4                __sread
 .text.__swrite
                0x00116b28       0x68 C:/devkitPro/devkitARM/bin/../lib/gcc/arm-none-eabi/14.1.0/../../../../arm-none-eabi/lib/armv6k/fpu\libg.a(libc_a-stdio.o)
                0x00116b28                __swrite
 .text.__sseek  0x00116b90       0x40 C:/devkitPro/devkitARM/bin/../lib/gcc/arm-none-eabi/14.1.0/../../../../arm-none-eabi/lib/armv6k/fpu\libg.a(libc_a-stdio.o)
                0x00116b90                __sseek
 .text.__sclose
                0x00116bd0        0x8 C:/devkitPro/devkitARM/bin/../lib/gcc/arm-none-eabi/14.1.0/../../../../arm-none-eabi/lib/armv6k/fpu\libg.a(libc_a-stdio.o)
                0x00116bd0                __sclose
 .text._exit    0x00116bd8       0x20 C:/devkitPro/devkitARM/bin/../lib/gcc/arm-none-eabi/14.1.0/../../../../arm-none-eabi/lib/armv6k/fpu\libsysbase.a(libsysbase_libsysbase_a-_exit.o)
                0x00116bd8                _exit
 .text.chdir    0x00116bf8      0x13c C:/devkitPro/devkitARM/bin/../lib/gcc/arm-none-eabi/14.1.0/../../../../arm-none-eabi/lib/armv6k/fpu\libsysbase.a(libsysbase_libsysbase_a-chdir.o)
                0x00116bf8                chdir
 .text._concatenate_path
                0x00116d34      0x1cc C:/devkitPro/devkitARM/bin/../lib/gcc/arm-none-eabi/14.1.0/../../../../arm-none-eabi/lib/armv6k/fpu\libsysbase.a(libsysbase_libsysbase_a-concatenate.o)
                0x00116d34                _concatenate_path
 .text._fstat_r
                0x00116f00       0x88 C:/devkitPro/devkitARM/bin/../lib/gcc/arm-none-eabi/14.1.0/../../../../arm-none-eabi/lib/armv6k/fpu\libsysbase.a(libsysbase_libsysbase_a-fstat.o)
                0x00116f00                _fstat_r
 .text.__getreent
                0x00116f88       0x2c C:/devkitPro/devkitARM/bin/../lib/gcc/arm-none-eabi/14.1.0/../../../../arm-none-eabi/lib/armv6k/fpu\libsysbase.a(libsysbase_libsysbase_a-getreent.o)
                0x00116f88                __getreent
 .text._gettimeofday_r
                0x00116fb4       0x30 C:/devkitPro/devkitARM/bin/../lib/gcc/arm-none-eabi/14.1.0/../../../../arm-none-eabi/lib/armv6k/fpu\libsysbase.a(libsysbase_libsysbase_a-gettod.o)
                0x00116fb4                _gettimeofday_r
 .text.__release_handle
                0x00116fe4       0x8c C:/devkitPro/devkitARM/bin/../lib/gcc/arm-none-eabi/14.1.0/../../../../arm-none-eabi/lib/armv6k/fpu\libsysbase.a(libsysbase_libsysbase_a-handle_manager.o)
                0x00116fe4                __release_handle
 .text.__alloc_handle
                0x00117070       0xb0 C:/devkitPro/devkitARM/bin/../lib/gcc/arm-none-eabi/14.1.0/../../../../arm-none-eabi/lib/armv6k/fpu\libsysbase.a(libsysbase_libsysbase_a-handle_manager.o)
                0x00117070                __alloc_handle
 .text.__get_handle
                0x00117120       0x3c C:/devkitPro/devkitARM/bin/../lib/gcc/arm-none-eabi/14.1.0/../../../../arm-none-eabi/lib/armv6k/fpu\libsysbase.a(libsysbase_libsysbase_a-handle_manager.o)
                0x00117120                __get_handle
 .text._close_r
                0x0011715c       0xf4 C:/devkitPro/devkitARM/bin/../lib/gcc/arm-none-eabi/14.1.0/../../../../arm-none-eabi/lib/armv6k/fpu\libsysbase.a(libsysbase_libsysbase_a-handle_manager.o)
                0x0011715c                _close_r
 .text.null_write
                0x00117250        0x8 C:/devkitPro/devkitARM/bin/../lib/gcc/arm-none-eabi/14.1.0/../../../../arm-none-eabi/lib/armv6k/fpu\libsysbase.a(libsysbase_libsysbase_a-iosupport.o)
 .text.setDefaultDevice
                0x00117258       0x18 C:/devkitPro/devkitARM/bin/../lib/gcc/arm-none-eabi/14.1.0/../../../../arm-none-eabi/lib/armv6k/fpu\libsysbase.a(libsysbase_libsysbase_a-iosupport.o)
                0x00117258                setDefaultDevice
 .text.FindDevice
                0x00117270       0xc8 C:/devkitPro/devkitARM/bin/../lib/gcc/arm-none-eabi/14.1.0/../../../../arm-none-eabi/lib/armv6k/fpu\libsysbase.a(libsysbase_libsysbase_a-iosupport.o)
                0x00117270                FindDevice
 .text.RemoveDevice
                0x00117338       0x28 C:/devkitPro/devkitARM/bin/../lib/gcc/arm-none-eabi/14.1.0/../../../../arm-none-eabi/lib/armv6k/fpu\libsysbase.a(libsysbase_libsysbase_a-iosupport.o)
                0x00117338                RemoveDevice
 .text.AddDevice
                0x00117360       0x98 C:/devkitPro/devkitARM/bin/../lib/gcc/arm-none-eabi/14.1.0/../../../../arm-none-eabi/lib/armv6k/fpu\libsysbase.a(libsysbase_libsysbase_a-iosupport.o)
                0x00117360                AddDevice
 .text.GetDeviceOpTab
                0x001173f8       0x20 C:/devkitPro/devkitARM/bin/../lib/gcc/arm-none-eabi/14.1.0/../../../../arm-none-eabi/lib/armv6k/fpu\libsysbase.a(libsysbase_libsysbase_a-iosupport.o)
                0x001173f8                GetDeviceOpTab
 .text._isatty_r
                0x00117418        0x8 C:/devkitPro/devkitARM/bin/../lib/gcc/arm-none-eabi/14.1.0/../../../../arm-none-eabi/lib/armv6k/fpu\libsysbase.a(libsysbase_libsysbase_a-isatty.o)
                0x00117418                _isatty_r
 .text._lseek_r
                0x00117420       0x8c C:/devkitPro/devkitARM/bin/../lib/gcc/arm-none-eabi/14.1.0/../../../../arm-none-eabi/lib/armv6k/fpu\libsysbase.a(libsysbase_libsysbase_a-lseek.o)
                0x00117420                _lseek_r
 .text._open_r  0x001174ac       0xbc C:/devkitPro/devkitARM/bin/../lib/gcc/arm-none-eabi/14.1.0/../../../../arm-none-eabi/lib/armv6k/fpu\libsysbase.a(libsysbase_libsysbase_a-open.o)
                0x001174ac                _open_r
 .text._read_r  0x00117568       0x88 C:/devkitPro/devkitARM/bin/../lib/gcc/arm-none-eabi/14.1.0/../../../../arm-none-eabi/lib/armv6k/fpu\libsysbase.a(libsysbase_libsysbase_a-read.o)
                0x00117568                _read_r
 .text._sbrk_r  0x001175f0       0x78 C:/devkitPro/devkitARM/bin/../lib/gcc/arm-none-eabi/14.1.0/../../../../arm-none-eabi/lib/armv6k/fpu\libsysbase.a(libsysbase_libsysbase_a-sbrk.o)
                0x001175f0                _sbrk_r
 .text.__libc_lock_acquire
                0x00117668       0x1c C:/devkitPro/devkitARM/bin/../lib/gcc/arm-none-eabi/14.1.0/../../../../arm-none-eabi/lib/armv6k/fpu\libsysbase.a(libsysbase_libsysbase_a-syscall_support.o)
                0x00117668                __libc_lock_acquire
 .text.__libc_lock_release
                0x00117684       0x1c C:/devkitPro/devkitARM/bin/../lib/gcc/arm-none-eabi/14.1.0/../../../../arm-none-eabi/lib/armv6k/fpu\libsysbase.a(libsysbase_libsysbase_a-syscall_support.o)
                0x00117684                __libc_lock_release
 .text.__libc_lock_acquire_recursive
                0x001176a0       0x1c C:/devkitPro/devkitARM/bin/../lib/gcc/arm-none-eabi/14.1.0/../../../../arm-none-eabi/lib/armv6k/fpu\libsysbase.a(libsysbase_libsysbase_a-syscall_support.o)
                0x001176a0                __libc_lock_acquire_recursive
 .text.__libc_lock_release_recursive
                0x001176bc       0x1c C:/devkitPro/devkitARM/bin/../lib/gcc/arm-none-eabi/14.1.0/../../../../arm-none-eabi/lib/armv6k/fpu\libsysbase.a(libsysbase_libsysbase_a-syscall_support.o)
                0x001176bc                __libc_lock_release_recursive
 .text._write_r
                0x001176d8       0x88 C:/devkitPro/devkitARM/bin/../lib/gcc/arm-none-eabi/14.1.0/../../../../arm-none-eabi/lib/armv6k/fpu\libsysbase.a(libsysbase_libsysbase_a-write.o)
                0x001176d8                _write_r
 .text.strrchr  0x00117760       0x48 C:/devkitPro/devkitARM/bin/../lib/gcc/arm-none-eabi/14.1.0/../../../../arm-none-eabi/lib/armv6k/fpu\libg.a(libc_a-strrchr.o)
                0x00117760                strrchr
 *(.glue_7)
 .glue_7        0x001177a8        0x0 linker stubs
 *(.glue_7t)
 .glue_7t       0x001177a8        0x0 linker stubs
 *(.stub)
 *(.gnu.warning)
 *(.gnu.linkonce.t*)
                0x001177a8                        . = ALIGN (0x4)
 *(.fini)
 .fini          0x001177a8        0xc C:/devkitPro/devkitARM/bin/../lib/gcc/arm-none-eabi/14.1.0/armv6k/fpu/crti.o
                0x001177a8                _fini
 .fini          0x001177b4        0xc C:/devkitPro/devkitARM/bin/../lib/gcc/arm-none-eabi/14.1.0/armv6k/fpu/crtn.o
                0x001177c0                        . = ALIGN (0x4)

.vfp11_veneer   0x001177c0        0x0
 .vfp11_veneer  0x001177c0        0x0 linker stubs

.v4_bx          0x001177c0        0x0
 .v4_bx         0x001177c0        0x0 linker stubs

.iplt           0x001177c0        0x0
 .iplt          0x001177c0        0x0 C:/devkitPro/devkitARM/bin/../lib/gcc/arm-none-eabi/14.1.0/../../../../arm-none-eabi/lib/armv6k/fpu/3dsx_crt0.o
                0x00118000                        . = ALIGN (0x1000)

.rodata         0x00118000      0xfd8
 *(.rodata)
 .rodata        0x00118000        0xc C:/devkitPro/libctru/lib\libctru.a(romfs_dev.o)
 .rodata        0x0011800c        0xc C:/devkitPro/libctru/lib\libctru.a(archive_dev.o)
 *(.roda)
 *(.rodata.*)
 .rodata.str1.4
                0x00118018       0xf0 main.o
                                 0x1f (size before relaxing)
 .rodata.C2D_Init.str1.4
                0x00118108       0x10 C:/devkitPro/libctru/lib\libcitro2d.a(base.o)
 .rodata.s_defaultTint.0
                0x00118108        0x8 C:/devkitPro/libctru/lib\libcitro2d.a(base.o)
 .rodata.C2D_SpriteSheetLoad.str1.4
                0x00118110        0x3 C:/devkitPro/libctru/lib\libcitro2d.a(spritesheet.o)
 .rodata.render2d_shbin
                0x00118110      0x190 C:/devkitPro/libctru/lib\libcitro2d.a(render2d.shbin.o)
                0x00118110                render2d_shbin
                0x0011829c                render2d_shbin_end
                0x0011829c                render2d_shbin_size
 .rodata.depthFmtSizes
                0x001182a0        0x4 C:/devkitPro/libctru/lib\libcitro3d.a(framebuffer.o)
 .rodata.colorFmtSizes
                0x001182a4        0x5 C:/devkitPro/libctru/lib\libcitro3d.a(framebuffer.o)
 *fill*         0x001182a9        0x3 
 .rodata.CSWTCH.11
                0x001182ac       0x10 C:/devkitPro/libctru/lib\libcitro3d.a(proctex.o)
 .rodata.CSWTCH.19
                0x001182bc       0x38 C:/devkitPro/libctru/lib\libcitro3d.a(texture.o)
 .rodata.str1.4
                0x001182f4       0x10 C:/devkitPro/libctru/lib\libctru.a(console.o)
 .rodata.dotab_stdout
                0x001182f4       0x80 C:/devkitPro/libctru/lib\libctru.a(console.o)
 .rodata.grayScale
                0x00118374       0x18 C:/devkitPro/libctru/lib\libctru.a(console.o)
 .rodata.colorCube
                0x0011838c        0x6 C:/devkitPro/libctru/lib\libctru.a(console.o)
 *fill*         0x00118392        0x2 
 .rodata.colorTable
                0x00118394       0x30 C:/devkitPro/libctru/lib\libctru.a(console.o)
 .rodata.romfs_dirnext.str1.4
                0x001183c4        0x7 C:/devkitPro/libctru/lib\libctru.a(romfs_dev.o)
 .rodata.romfsMountSelf.str1.4
                0x001183c4       0x19 C:/devkitPro/libctru/lib\libctru.a(romfs_dev.o)
 .rodata.str1.4
                0x001183c4        0x1 C:/devkitPro/libctru/lib\libctru.a(romfs_dev.o)
 .rodata.romFS_devoptab
                0x001183c4       0x80 C:/devkitPro/libctru/lib\libctru.a(romfs_dev.o)
 .rodata.aptSendCommand.str1.4
                0x00118444       0x16 C:/devkitPro/libctru/lib\libctru.a(apt.o)
 .rodata.morton_y.2
                0x00118444        0x8 C:/devkitPro/libctru/lib\libctru.a(apt.o)
 .rodata.morton_x.3
                0x0011844c        0x8 C:/devkitPro/libctru/lib\libctru.a(apt.o)
 .rodata.s_sleepWakeEvents.4
                0x00118454        0x8 C:/devkitPro/libctru/lib\libctru.a(apt.o)
 .rodata.fsInit.str1.4
                0x0011845c        0x8 C:/devkitPro/libctru/lib\libctru.a(fs.o)
 .rodata.gspInit.str1.4
                0x0011845c        0x9 C:/devkitPro/libctru/lib\libctru.a(gspgpu.o)
 .rodata.hidInit.str1.4
                0x0011845c       0x15 C:/devkitPro/libctru/lib\libctru.a(hid.o)
 .rodata.irrstInit.str1.4
                0x0011845c        0x7 C:/devkitPro/libctru/lib\libctru.a(irrst.o)
 .rodata.ptmSysmInit.str1.4
                0x0011845c        0x9 C:/devkitPro/libctru/lib\libctru.a(ptmsysm.o)
 .rodata.__system_initArgv.str1.4
                0x0011845c        0xa C:/devkitPro/libctru/lib\libctru.a(initArgv.o)
 .rodata.default_font_bin
                0x0011845c      0x800 C:/devkitPro/libctru/lib\libctru.a(default_font.bin.o)
                0x0011845c                default_font_bin
                0x00118c5c                default_font_bin_end
 .rodata.srvInit.str1.4
                0x00118c5c        0x5 C:/devkitPro/libctru/lib\libctru.a(srv.o)
 .rodata.archive_utf16path.str1.4
                0x00118c5c        0x2 C:/devkitPro/libctru/lib\libctru.a(archive_dev.o)
 .rodata._archiveUnmountDeviceStruct.part.0.str1.4
                0x00118c5c        0x2 C:/devkitPro/libctru/lib\libctru.a(archive_dev.o)
 .rodata._archiveMountDevice.str1.4
                0x00118c5c        0xc C:/devkitPro/libctru/lib\libctru.a(archive_dev.o)
 .rodata.archiveMountSdmc.str1.4
                0x00118c5c        0x5 C:/devkitPro/libctru/lib\libctru.a(archive_dev.o)
 .rodata.error_table
                0x00118c5c       0x30 C:/devkitPro/libctru/lib\libctru.a(archive_dev.o)
 .rodata.str1.4
                0x00118c8c        0x8 C:/devkitPro/libctru/lib\libctru.a(archive_dev.o)
 .rodata.archive_devoptab
                0x00118c8c       0x80 C:/devkitPro/libctru/lib\libctru.a(archive_dev.o)
 .rodata.__inv_pio4
                0x00118d0c       0x60 C:/devkitPro/devkitARM/bin/../lib/gcc/arm-none-eabi/14.1.0/../../../../arm-none-eabi/lib/armv6k/fpu\libm.a(libm_a-sincosf_data.o)
                0x00118d0c                __inv_pio4
 *fill*         0x00118d6c        0x4 
 .rodata.__sincosf_table
                0x00118d70       0xe0 C:/devkitPro/devkitARM/bin/../lib/gcc/arm-none-eabi/14.1.0/../../../../arm-none-eabi/lib/armv6k/fpu\libm.a(libm_a-sincosf_data.o)
                0x00118d70                __sincosf_table
 .rodata._ctype_
                0x00118e50      0x101 C:/devkitPro/devkitARM/bin/../lib/gcc/arm-none-eabi/14.1.0/../../../../arm-none-eabi/lib/armv6k/fpu\libg.a(libc_a-ctype_.o)
                0x00118e50                _ctype_
 .rodata.AddDevice.str1.4
                0x00118f51        0x8 C:/devkitPro/devkitARM/bin/../lib/gcc/arm-none-eabi/14.1.0/../../../../arm-none-eabi/lib/armv6k/fpu\libsysbase.a(libsysbase_libsysbase_a-iosupport.o)
 *fill*         0x00118f51        0x3 
 .rodata.dotab_stdnull
                0x00118f54       0x80 C:/devkitPro/devkitARM/bin/../lib/gcc/arm-none-eabi/14.1.0/../../../../arm-none-eabi/lib/armv6k/fpu\libsysbase.a(libsysbase_libsysbase_a-iosupport.o)
                0x00118f54                dotab_stdnull
 *all.rodata*(*)
 *(.gnu.linkonce.r*)
                0x00118fd4                        . = ALIGN (0x4)
                0x00118fd4                        __tdata_align = .
                0x00118fd4        0x4 LONG 0x4 ALIGNOF (.tdata)
                0x00118fd8                        . = ALIGN (0x4)

.eh_frame       0x00118fd8        0x0
 .eh_frame      0x00118fd8        0x0 C:/devkitPro/devkitARM/bin/../lib/gcc/arm-none-eabi/14.1.0/armv6k/fpu/crtbegin.o

.rel.dyn        0x00118fd8        0x0
 .rel.iplt      0x00118fd8        0x0 C:/devkitPro/devkitARM/bin/../lib/gcc/arm-none-eabi/14.1.0/../../../../arm-none-eabi/lib/armv6k/fpu/3dsx_crt0.o
 .rel.got       0x00118fd8        0x0 C:/devkitPro/devkitARM/bin/../lib/gcc/arm-none-eabi/14.1.0/../../../../arm-none-eabi/lib/armv6k/fpu/3dsx_crt0.o

.ARM.extab
 *(.ARM.extab* .gnu.linkonce.armextab.*)
                0x00118fd8                        __exidx_start = .

.ARM.exidx
 *(.ARM.exidx* .gnu.linkonce.armexidx.*)
                0x00118fd8                        __exidx_end = .
                0x00119000                        . = ALIGN (0x1000)

.data           0x00119000     0x1a6c
 *(.data)
 *(.data.*)
 .data.framerateCounter
                0x00119000        0x8 C:/devkitPro/libctru/lib\libcitro3d.a(renderqueue.o)
 .data.framerate
                0x00119008        0x4 C:/devkitPro/libctru/lib\libcitro3d.a(renderqueue.o)
 .data.firstConsoleInit.0
                0x0011900c        0x1 C:/devkitPro/libctru/lib\libctru.a(console.o)
 *fill*         0x0011900d        0x3 
 .data.currentConsole
                0x00119010        0x4 C:/devkitPro/libctru/lib\libctru.a(console.o)
                0x00119010                currentConsole
 .data.defaultConsole
                0x00119014       0x48 C:/devkitPro/libctru/lib\libctru.a(console.o)
                0x00119014                defaultConsole
 .data.queueLock
                0x0011905c        0x4 C:/devkitPro/libctru/lib\libctru.a(gxqueue.o)
 .data.aptChainloadDeliverArgSize
                0x00119060        0x4 C:/devkitPro/libctru/lib\libctru.a(apt.o)